Archive member included because of file (symbol)

c:/program files/gnu tools arm embedded/4.8 2014q1/bin/../lib/gcc/arm-none-eabi/4.8.3/../../../../arm-none-eabi/lib/armv7e-m/softfp\libm.a(lib_a-wf_sqrt.o)
                              ..\obj\arm_cmplx_mag_f32.o (sqrtf)
c:/program files/gnu tools arm embedded/4.8 2014q1/bin/../lib/gcc/arm-none-eabi/4.8.3/../../../../arm-none-eabi/lib/armv7e-m/softfp\libm.a(lib_a-ef_sqrt.o)
                              c:/program files/gnu tools arm embedded/4.8 2014q1/bin/../lib/gcc/arm-none-eabi/4.8.3/../../../../arm-none-eabi/lib/armv7e-m/softfp\libm.a(lib_a-wf_sqrt.o) (__ieee754_sqrtf)
c:/program files/gnu tools arm embedded/4.8 2014q1/bin/../lib/gcc/arm-none-eabi/4.8.3/../../../../arm-none-eabi/lib/armv7e-m/softfp\libm.a(lib_a-s_lib_ver.o)
                              c:/program files/gnu tools arm embedded/4.8 2014q1/bin/../lib/gcc/arm-none-eabi/4.8.3/../../../../arm-none-eabi/lib/armv7e-m/softfp\libm.a(lib_a-wf_sqrt.o) (__fdlib_version)
c:/program files/gnu tools arm embedded/4.8 2014q1/bin/../lib/gcc/arm-none-eabi/4.8.3/../../../../arm-none-eabi/lib/armv7e-m/softfp\libm.a(lib_a-s_matherr.o)
                              c:/program files/gnu tools arm embedded/4.8 2014q1/bin/../lib/gcc/arm-none-eabi/4.8.3/../../../../arm-none-eabi/lib/armv7e-m/softfp\libm.a(lib_a-wf_sqrt.o) (matherr)
c:/program files/gnu tools arm embedded/4.8 2014q1/bin/../lib/gcc/arm-none-eabi/4.8.3/../../../../arm-none-eabi/lib/armv7e-m/softfp\libm.a(lib_a-sf_fpclassify.o)
                              c:/program files/gnu tools arm embedded/4.8 2014q1/bin/../lib/gcc/arm-none-eabi/4.8.3/../../../../arm-none-eabi/lib/armv7e-m/softfp\libm.a(lib_a-wf_sqrt.o) (__fpclassifyf)
c:/program files/gnu tools arm embedded/4.8 2014q1/bin/../lib/gcc/arm-none-eabi/4.8.3/armv7e-m/softfp\libgcc.a(_arm_addsubdf3.o)
                              ..\obj\oszi.o (__aeabi_dsub)
c:/program files/gnu tools arm embedded/4.8 2014q1/bin/../lib/gcc/arm-none-eabi/4.8.3/armv7e-m/softfp\libgcc.a(_arm_muldivdf3.o)
                              ..\obj\menu.o (__aeabi_dmul)
c:/program files/gnu tools arm embedded/4.8 2014q1/bin/../lib/gcc/arm-none-eabi/4.8.3/armv7e-m/softfp\libgcc.a(_arm_fixdfsi.o)
                              ..\obj\oszi.o (__aeabi_d2iz)
c:/program files/gnu tools arm embedded/4.8 2014q1/bin/../lib/gcc/arm-none-eabi/4.8.3/armv7e-m/softfp\libgcc.a(_arm_fixunsdfsi.o)
                              ..\obj\menu.o (__aeabi_d2uiz)
c:/program files/gnu tools arm embedded/4.8 2014q1/bin/../lib/gcc/arm-none-eabi/4.8.3/armv7e-m/softfp\libgcc.a(_arm_truncdfsf2.o)
                              ..\obj\oszi.o (__aeabi_d2f)
c:/program files/gnu tools arm embedded/4.8 2014q1/bin/../lib/gcc/arm-none-eabi/4.8.3/../../../../arm-none-eabi/lib/armv7e-m/softfp\libc.a(lib_a-errno.o)
                              c:/program files/gnu tools arm embedded/4.8 2014q1/bin/../lib/gcc/arm-none-eabi/4.8.3/../../../../arm-none-eabi/lib/armv7e-m/softfp\libm.a(lib_a-wf_sqrt.o) (__errno)

Allocating common symbols
Common symbol       size              file

LCD_ADCFrameBuffer  0x4               ..\obj\oszi.o
ADC_DMA_Buffer_C    0x4b0             ..\obj\oszi.o
LCD_CurrentLayer    0x4               ..\obj\oszi.o
bval                0xa               ..\obj\menu.o
LCD_DISPLAY_MODE    0x1               ..\obj\oszi.o
GUI_Timer_ms        0x4               ..\obj\oszi.o
ADC_UB              0x10              ..\obj\oszi.o
FFT_UINT_DATA       0x200             ..\obj\oszi.o
S                   0x18              ..\obj\fft.o
ADC_DMA_Buffer_A    0x4b0             ..\obj\oszi.o
LCD_CurrentOrientation
                    0x4               ..\obj\oszi.o
I2C3_DATA           0xa               ..\obj\oszi.o
GUI                 0x8               ..\obj\oszi.o
LCD_MenuFrameBuffer
                    0x4               ..\obj\oszi.o
Touch_Data          0x6               ..\obj\oszi.o
ADC_DMA_Buffer_B    0x4b0             ..\obj\oszi.o
FFT_DATA_IN         0x800             ..\obj\oszi.o
buf                 0x1e              ..\obj\menu.o
S_CFFT              0x14              ..\obj\fft.o
UART_RX             0x34              ..\obj\oszi.o
LCD_CurrentFrameBuffer
                    0x4               ..\obj\oszi.o
Menu                0x58              ..\obj\oszi.o

Discarded input sections

 .text          0x00000000        0x0 ..\obj\oszi.o
 .bss           0x00000000        0x0 ..\obj\oszi.o
 .text          0x00000000        0x0 ..\obj\stm32_ub_sdram.o
 .data          0x00000000        0x0 ..\obj\stm32_ub_sdram.o
 .text.UB_SDRAM_Write8b
                0x00000000       0x20 ..\obj\stm32_ub_sdram.o
 .text.UB_SDRAM_Read8b
                0x00000000       0x24 ..\obj\stm32_ub_sdram.o
 .text.UB_SDRAM_Write32b
                0x00000000       0x20 ..\obj\stm32_ub_sdram.o
 .text.UB_SDRAM_Read32b
                0x00000000       0x24 ..\obj\stm32_ub_sdram.o
 .text.UB_SDRAM_WriteBuffer32b
[...]
Memory Configuration

Name             Origin             Length             Attributes
rom              0x08000000         0x00200000         xr
ram              0x20000000         0x00030000         xrw
ram1             0x10000000         0x00010000         xrw
sdram            0xd0100000         0x00400000         xrw
*default*        0x00000000         0xffffffff

Linker script and memory map

                0x20020000                _eram = 0x20020000

.text           0x08000000    0x276d4
 *(.isr_vector .isr_vector.*)
 .isr_vector    0x08000000      0x1ac ..\obj\startup_stm32f4xx.o
                0x08000000                g_pfnVectors
 *(.text .text.* .gnu.linkonce.t.*)
 .text.oszi_init
                0x080001ac       0x84 ..\obj\oszi.o
                0x080001ac                oszi_init
 .text.oszi_start
                0x08000230      0x2e4 ..\obj\oszi.o
                0x08000230                oszi_start
 .text.p_oszi_hw_init
                0x08000514       0x48 ..\obj\oszi.o
                0x08000514                p_oszi_hw_init
 .text.p_oszi_sw_init
                0x0800055c       0xe0 ..\obj\oszi.o
                0x0800055c                p_oszi_sw_init
 .text.p_oszi_clear_all
                0x0800063c       0x34 ..\obj\oszi.o
                0x0800063c                p_oszi_clear_all
 .text.p_oszi_draw_background
                0x08000670       0x1c ..\obj\oszi.o
                0x08000670                p_oszi_draw_background
 .text.p_oszi_draw_scale
                0x0800068c      0x51c ..\obj\oszi.o
                0x0800068c                p_oszi_draw_scale
 .text.p_oszi_draw_line_h
                0x08000ba8       0xc8 ..\obj\oszi.o
                0x08000ba8                p_oszi_draw_line_h
 .text.p_oszi_draw_line_v
                0x08000c70       0xc0 ..\obj\oszi.o
                0x08000c70                p_oszi_draw_line_v
 .text.p_oszi_sort_adc
                0x08000d30      0x37c ..\obj\oszi.o
                0x08000d30                p_oszi_sort_adc
 .text.p_oszi_fill_fft
                0x080010ac      0x13c ..\obj\oszi.o
                0x080010ac                p_oszi_fill_fft
 .text.p_oszi_draw_adc
                0x080011e8      0x22c ..\obj\oszi.o
                0x080011e8                p_oszi_draw_adc
 *fill*         0x08001414        0x4 
 .text.oszi_adc2pixel
                0x08001418      0x148 ..\obj\oszi.o
                0x08001418                oszi_adc2pixel
 .text.p_oszi_send_data
                0x08001560      0x304 ..\obj\oszi.o
                0x08001560                p_oszi_send_data
 .text.p_oszi_send_uart
                0x08001864       0x18 ..\obj\oszi.o
                0x08001864                p_oszi_send_uart
 .text.p_oszi_send_screen
                0x0800187c       0xd0 ..\obj\oszi.o
                0x0800187c                p_oszi_send_screen
 .text.UB_SDRAM_Init
                0x0800194c       0x84 ..\obj\stm32_ub_sdram.o
                0x0800194c                UB_SDRAM_Init
 .text.UB_SDRAM_Write16b
                0x080019d0       0x20 ..\obj\stm32_ub_sdram.o
                0x080019d0                UB_SDRAM_Write16b
 .text.UB_SDRAM_Read16b
                0x080019f0       0x24 ..\obj\stm32_ub_sdram.o
                0x080019f0                UB_SDRAM_Read16b
 .text.P_SDRAM_InitIO
                0x08001a14      0x214 ..\obj\stm32_ub_sdram.o
                0x08001a14                P_SDRAM_InitIO
 .text.P_SDRAM_InitFMC
                0x08001c28       0x70 ..\obj\stm32_ub_sdram.o
                0x08001c28                P_SDRAM_InitFMC
 .text.P_SDRAM_InitSequence
                0x08001c98       0xec ..\obj\stm32_ub_sdram.o
                0x08001c98                P_SDRAM_InitSequence
 .text.P_SDRAM_delay
                0x08001d84       0x34 ..\obj\stm32_ub_sdram.o
 .text.arm_radix4_butterfly_f32
                0x08001db8      0x904 ..\obj\arm_cfft_radix4_f32.o
                0x08001db8                arm_radix4_butterfly_f32
 .text.arm_radix4_butterfly_inverse_f32
                0x080026bc      0x95c ..\obj\arm_cfft_radix4_f32.o
                0x080026bc                arm_radix4_butterfly_inverse_f32
 .text.arm_bitreversal_f32
                0x08003018      0x1b8 ..\obj\arm_cfft_radix4_f32.o
                0x08003018                arm_bitreversal_f32
 .text.DMA2D_DeInit
                0x080031d0       0x1c ..\obj\stm32f4xx_dma2d.o
                0x080031d0                DMA2D_DeInit
 .text.DMA2D_Init
                0x080031ec      0x15c ..\obj\stm32f4xx_dma2d.o
                0x080031ec                DMA2D_Init
 .text.DMA2D_StartTransfer
                0x08003348       0x1c ..\obj\stm32f4xx_dma2d.o
                0x08003348                DMA2D_StartTransfer
 .text.DMA2D_FGConfig
                0x08003364       0xdc ..\obj\stm32f4xx_dma2d.o
                0x08003364                DMA2D_FGConfig
 .text.DMA2D_FG_StructInit
                0x08003440       0x54 ..\obj\stm32f4xx_dma2d.o
                0x08003440                DMA2D_FG_StructInit
 .text.DMA2D_BGConfig
                0x08003494       0xdc ..\obj\stm32f4xx_dma2d.o
                0x08003494                DMA2D_BGConfig
 .text.DMA2D_BG_StructInit
                0x08003570       0x54 ..\obj\stm32f4xx_dma2d.o
                0x08003570                DMA2D_BG_StructInit
 .text.DMA2D_GetFlagStatus
                0x080035c4       0x34 ..\obj\stm32f4xx_dma2d.o
                0x080035c4                DMA2D_GetFlagStatus
 .text.arm_rfft_f32
                0x080035f8       0xbc ..\obj\arm_rfft_f32.o
                0x080035f8                arm_rfft_f32
 .text.arm_split_rfft_f32
                0x080036b4      0x1f0 ..\obj\arm_rfft_f32.o
                0x080036b4                arm_split_rfft_f32
 .text.arm_split_rifft_f32
                0x080038a4      0x144 ..\obj\arm_rfft_f32.o
                0x080038a4                arm_split_rifft_f32
 .text.UB_I2C3_Init
                0x080039e8       0xb8 ..\obj\stm32_ub_i2c3.o
                0x080039e8                UB_I2C3_Init
 .text.UB_I2C3_ReadByte
                0x08003aa0      0x1f8 ..\obj\stm32_ub_i2c3.o
                0x08003aa0                UB_I2C3_ReadByte
 .text.UB_I2C3_WriteByte
                0x08003c98      0x174 ..\obj\stm32_ub_i2c3.o
                0x08003c98                UB_I2C3_WriteByte
 .text.UB_I2C3_Delay
                0x08003e0c       0x20 ..\obj\stm32_ub_i2c3.o
                0x08003e0c                UB_I2C3_Delay
 .text.P_I2C3_InitI2C
                0x08003e2c       0x44 ..\obj\stm32_ub_i2c3.o
                0x08003e2c                P_I2C3_InitI2C
 .text.P_I2C3_timeout
                0x08003e70       0x40 ..\obj\stm32_ub_i2c3.o
                0x08003e70                P_I2C3_timeout
 .text.USART_Init
                0x08003eb0      0x174 ..\obj\stm32f4xx_usart.o
                0x08003eb0                USART_Init
 .text.USART_Cmd
                0x08004024       0x40 ..\obj\stm32f4xx_usart.o
                0x08004024                USART_Cmd
 .text.USART_OverSampling8Cmd
                0x08004064       0x44 ..\obj\stm32f4xx_usart.o
                0x08004064                USART_OverSampling8Cmd
 .text.USART_SendData
                0x080040a8       0x24 ..\obj\stm32f4xx_usart.o
                0x080040a8                USART_SendData
 .text.USART_ReceiveData
                0x080040cc       0x20 ..\obj\stm32f4xx_usart.o
                0x080040cc                USART_ReceiveData
 .text.USART_ITConfig
                0x080040ec       0x90 ..\obj\stm32f4xx_usart.o
                0x080040ec                USART_ITConfig
 .text.USART_GetFlagStatus
                0x0800417c       0x38 ..\obj\stm32f4xx_usart.o
                0x0800417c                USART_GetFlagStatus
 .text.USART_GetITStatus
                0x080041b4       0xb0 ..\obj\stm32f4xx_usart.o
                0x080041b4                USART_GetITStatus
 .text.fft_init
                0x08004264       0x50 ..\obj\fft.o
                0x08004264                fft_init
 .text.fft_calc
                0x080042b4       0xc8 ..\obj\fft.o
                0x080042b4                fft_calc
 .text.LTDC_Init
                0x0800437c      0x12c ..\obj\stm32f4xx_ltdc.o
                0x0800437c                LTDC_Init
 .text.LTDC_Cmd
                0x080044a8       0x38 ..\obj\stm32f4xx_ltdc.o
                0x080044a8                LTDC_Cmd
 .text.LTDC_DitherCmd
                0x080044e0       0x38 ..\obj\stm32f4xx_ltdc.o
                0x080044e0                LTDC_DitherCmd
 .text.LTDC_ReloadConfig
                0x08004518       0x1c ..\obj\stm32f4xx_ltdc.o
                0x08004518                LTDC_ReloadConfig
 .text.LTDC_LayerInit
                0x08004534      0x134 ..\obj\stm32f4xx_ltdc.o
                0x08004534                LTDC_LayerInit
 .text.LTDC_LayerCmd
                0x08004668       0x38 ..\obj\stm32f4xx_ltdc.o
                0x08004668                LTDC_LayerCmd
 .text.LTDC_LayerAlpha
                0x080046a0       0x1c ..\obj\stm32f4xx_ltdc.o
                0x080046a0                LTDC_LayerAlpha
 .text.Default_Reset_Handler
                0x080046bc       0x6c ..\obj\startup_stm32f4xx.o
                0x080046bc                Default_Reset_Handler
                0x080046bc                Reset_Handler
 .text.Default_Handler
                0x08004728        0x8 ..\obj\startup_stm32f4xx.o
                0x08004728                RTC_Alarm_IRQHandler
                0x08004728                HASH_RNG_IRQHandler
                0x08004728                EXTI2_IRQHandler
                0x08004728                TIM8_CC_IRQHandler
                0x08004728                DebugMon_Handler
                0x08004728                SPI4_IRQHandler
                0x08004728                TIM1_CC_IRQHandler
                0x08004728                DMA2_Stream5_IRQHandler
                0x08004728                HardFault_Handler
                0x08004728                DMA1_Stream5_IRQHandler
                0x08004728                PVD_IRQHandler
                0x08004728                SDIO_IRQHandler
                0x08004728                TAMP_STAMP_IRQHandler
                0x08004728                PendSV_Handler
                0x08004728                NMI_Handler
                0x08004728                CAN2_RX1_IRQHandler
                0x08004728                EXTI3_IRQHandler
                0x08004728                TIM8_TRG_COM_TIM14_IRQHandler
                0x08004728                TIM1_UP_TIM10_IRQHandler
                0x08004728                TIM8_UP_TIM13_IRQHandler
                0x08004728                I2C3_ER_IRQHandler
                0x08004728                EXTI0_IRQHandler
                0x08004728                I2C2_EV_IRQHandler
                0x08004728                DMA1_Stream2_IRQHandler
                0x08004728                CAN1_RX0_IRQHandler
                0x08004728                FPU_IRQHandler
                0x08004728                OTG_HS_WKUP_IRQHandler
                0x08004728                UsageFault_Handler
                0x08004728                LTDC_ER_IRQHandler
                0x08004728                CAN2_SCE_IRQHandler
                0x08004728                DMA2_Stream2_IRQHandler
                0x08004728                SPI1_IRQHandler
                0x08004728                TIM6_DAC_IRQHandler
                0x08004728                TIM1_BRK_TIM9_IRQHandler
                0x08004728                DCMI_IRQHandler
                0x08004728                CAN2_RX0_IRQHandler
                0x08004728                DMA2_Stream3_IRQHandler
                0x08004728                CRYP_IRQHandler
                0x08004728                CAN1_RX1_IRQHandler
                0x08004728                TIM4_IRQHandler
                0x08004728                I2C1_EV_IRQHandler
                0x08004728                DMA1_Stream6_IRQHandler
                0x08004728                DMA1_Stream1_IRQHandler
                0x08004728                TIM3_IRQHandler
                0x08004728                RCC_IRQHandler
                0x08004728                TIM8_BRK_TIM12_IRQHandler
                0x08004728                EXTI15_10_IRQHandler
                0x08004728                ADC_IRQHandler
                0x08004728                DMA1_Stream7_IRQHandler
                0x08004728                SPI5_IRQHandler
                0x08004728                CAN2_TX_IRQHandler
                0x08004728                TIM5_IRQHandler
                0x08004728                DMA2_Stream7_IRQHandler
                0x08004728                I2C3_EV_IRQHandler
                0x08004728                EXTI9_5_IRQHandler
                0x08004728                RTC_WKUP_IRQHandler
                0x08004728                LTDC_IRQHandler
                0x08004728                ETH_WKUP_IRQHandler
                0x08004728                SPI2_IRQHandler
                0x08004728                OTG_HS_EP1_IN_IRQHandler
                0x08004728                MemManage_Handler
                0x08004728                DMA1_Stream0_IRQHandler
                0x08004728                CAN1_TX_IRQHandler
                0x08004728                SVC_Handler
                0x08004728                EXTI4_IRQHandler
                0x08004728                ETH_IRQHandler
                0x08004728                OTG_HS_EP1_OUT_IRQHandler
                0x08004728                WWDG_IRQHandler
                0x08004728                SPI6_IRQHandler
                0x08004728                TIM2_IRQHandler
                0x08004728                OTG_FS_WKUP_IRQHandler
                0x08004728                TIM1_TRG_COM_TIM11_IRQHandler
                0x08004728                OTG_HS_IRQHandler
                0x08004728                DMA2D_IRQHandler
                0x08004728                EXTI1_IRQHandler
                0x08004728                I2C2_ER_IRQHandler
                0x08004728                DMA2_Stream1_IRQHandler
                0x08004728                CAN1_SCE_IRQHandler
                0x08004728                FLASH_IRQHandler
                0x08004728                DMA2_Stream4_IRQHandler
                0x08004728                BusFault_Handler
                0x08004728                OTG_FS_IRQHandler
                0x08004728                SPI3_IRQHandler
                0x08004728                DMA1_Stream4_IRQHandler
                0x08004728                I2C1_ER_IRQHandler
                0x08004728                FMC_IRQHandler
                0x08004728                DMA2_Stream6_IRQHandler
                0x08004728                SAI1_IRQHandler
                0x08004728                DMA1_Stream3_IRQHandler
 .text.UB_Led_Init
                0x08004730       0xa4 ..\obj\stm32_ub_led.o
                0x08004730                UB_Led_Init
 .text.UB_Led_Off
                0x080047d4       0x3c ..\obj\stm32_ub_led.o
                0x080047d4                UB_Led_Off
 .text.UB_Led_On
                0x08004810       0x3c ..\obj\stm32_ub_led.o
                0x08004810                UB_Led_On
 .text.UB_Led_Toggle
                0x0800484c       0x50 ..\obj\stm32_ub_led.o
                0x0800484c                UB_Led_Toggle
 .text.main     0x0800489c       0x14 ..\obj\main.o
                0x0800489c                main
 .text.RCC_PLLSAIConfig
                0x080048b0       0x30 ..\obj\stm32f4xx_rcc.o
                0x080048b0                RCC_PLLSAIConfig
 .text.RCC_PLLSAICmd
                0x080048e0       0x20 ..\obj\stm32f4xx_rcc.o
                0x080048e0                RCC_PLLSAICmd
 .text.RCC_GetClocksFreq
                0x08004900      0x154 ..\obj\stm32f4xx_rcc.o
                0x08004900                RCC_GetClocksFreq
 .text.RCC_LTDCCLKDivConfig
                0x08004a54       0x3c ..\obj\stm32f4xx_rcc.o
                0x08004a54                RCC_LTDCCLKDivConfig
 .text.RCC_AHB1PeriphClockCmd
                0x08004a90       0x3c ..\obj\stm32f4xx_rcc.o
                0x08004a90                RCC_AHB1PeriphClockCmd
 .text.RCC_AHB3PeriphClockCmd
                0x08004acc       0x3c ..\obj\stm32f4xx_rcc.o
                0x08004acc                RCC_AHB3PeriphClockCmd
 .text.RCC_APB1PeriphClockCmd
                0x08004b08       0x3c ..\obj\stm32f4xx_rcc.o
                0x08004b08                RCC_APB1PeriphClockCmd
 .text.RCC_APB2PeriphClockCmd
                0x08004b44       0x3c ..\obj\stm32f4xx_rcc.o
                0x08004b44                RCC_APB2PeriphClockCmd
 .text.RCC_AHB1PeriphResetCmd
                0x08004b80       0x3c ..\obj\stm32f4xx_rcc.o
                0x08004b80                RCC_AHB1PeriphResetCmd
 .text.RCC_APB1PeriphResetCmd
                0x08004bbc       0x3c ..\obj\stm32f4xx_rcc.o
                0x08004bbc                RCC_APB1PeriphResetCmd
 .text.RCC_APB2PeriphResetCmd
                0x08004bf8       0x3c ..\obj\stm32f4xx_rcc.o
                0x08004bf8                RCC_APB2PeriphResetCmd
 .text.RCC_GetFlagStatus
                0x08004c34       0x74 ..\obj\stm32f4xx_rcc.o
                0x08004c34                RCC_GetFlagStatus
 .text.arm_rfft_init_f32
                0x08004ca8       0xc4 ..\obj\arm_rfft_init_f32.o
                0x08004ca8                arm_rfft_init_f32
 .text.ADC_Init
                0x08004d6c       0xa8 ..\obj\stm32f4xx_adc.o
                0x08004d6c                ADC_Init
 .text.ADC_CommonInit
                0x08004e14       0x50 ..\obj\stm32f4xx_adc.o
                0x08004e14                ADC_CommonInit
 .text.ADC_Cmd  0x08004e64       0x38 ..\obj\stm32f4xx_adc.o
                0x08004e64                ADC_Cmd
 .text.ADC_RegularChannelConfig
                0x08004e9c      0x188 ..\obj\stm32f4xx_adc.o
                0x08004e9c                ADC_RegularChannelConfig
 .text.ADC_DMACmd
                0x08005024       0x38 ..\obj\stm32f4xx_adc.o
                0x08005024                ADC_DMACmd
 .text.ADC_MultiModeDMARequestAfterLastTransferCmd
                0x0800505c       0x38 ..\obj\stm32f4xx_adc.o
                0x0800505c                ADC_MultiModeDMARequestAfterLastTransferCmd
 .text.NVIC_SetPriority
                0x08005094       0x54 ..\obj\stm32_ub_systick.o
 .text.SysTick_Config
                0x080050e8       0x44 ..\obj\stm32_ub_systick.o
 .text.UB_Systick_Init
                0x0800512c       0x68 ..\obj\stm32_ub_systick.o
                0x0800512c                UB_Systick_Init
 .text.SysTick_Handler
                0x08005194       0x48 ..\obj\stm32_ub_systick.o
                0x08005194                SysTick_Handler
 .text.PutChar  0x080051dc       0x20 ..\obj\printf.o
                0x080051dc                PutChar
 .text.PutString
                0x080051fc       0x3c ..\obj\printf.o
                0x080051fc                PutString
 .text.PutUnsignedInt
                0x08005238       0xa0 ..\obj\printf.o
                0x08005238                PutUnsignedInt
 .text.PutSignedInt
                0x080052d8       0xfc ..\obj\printf.o
                0x080052d8                PutSignedInt
 .text.PutHexa  0x080053d4       0xd4 ..\obj\printf.o
                0x080053d4                PutHexa
 .text.vsnprintf
                0x080054a8      0x254 ..\obj\printf.o
                0x080054a8                vsnprintf
 .text.vsprintf
                0x080056fc       0x24 ..\obj\printf.o
                0x080056fc                vsprintf
 .text.sprintf  0x08005720       0x2c ..\obj\printf.o
                0x08005720                sprintf
 .text.UB_Button_Init
                0x0800574c       0x8c ..\obj\stm32_ub_button.o
                0x0800574c                UB_Button_Init
 .text.UB_Button_OnClick
                0x080057d8       0x58 ..\obj\stm32_ub_button.o
                0x080057d8                UB_Button_OnClick
 .text.P_Button_InitTIM
                0x08005830       0x48 ..\obj\stm32_ub_button.o
                0x08005830                P_Button_InitTIM
 .text.P_Button_InitNVIC
                0x08005878       0x34 ..\obj\stm32_ub_button.o
                0x08005878                P_Button_InitNVIC
 .text.TIM7_IRQHandler
                0x080058ac       0x70 ..\obj\stm32_ub_button.o
                0x080058ac                TIM7_IRQHandler
 .text.UB_Uart_Init
                0x0800591c      0x2a8 ..\obj\stm32_ub_uart.o
                0x0800591c                UB_Uart_Init
 .text.UB_Uart_SendByte
                0x08005bc4       0x58 ..\obj\stm32_ub_uart.o
                0x08005bc4                UB_Uart_SendByte
 .text.UB_Uart_SendString
                0x08005c1c       0x90 ..\obj\stm32_ub_uart.o
                0x08005c1c                UB_Uart_SendString
 .text.P_UART_Receive
                0x08005cac       0xe4 ..\obj\stm32_ub_uart.o
                0x08005cac                P_UART_Receive
 .text.P_UART_RX_INT
                0x08005d90       0x50 ..\obj\stm32_ub_uart.o
                0x08005d90                P_UART_RX_INT
 .text.USART1_IRQHandler
                0x08005de0       0x34 ..\obj\stm32_ub_uart.o
                0x08005de0                USART1_IRQHandler
 .text.USART2_IRQHandler
                0x08005e14       0x34 ..\obj\stm32_ub_uart.o
                0x08005e14                USART2_IRQHandler
 .text.USART3_IRQHandler
                0x08005e48       0x34 ..\obj\stm32_ub_uart.o
                0x08005e48                USART3_IRQHandler
 .text.UART4_IRQHandler
                0x08005e7c       0x34 ..\obj\stm32_ub_uart.o
                0x08005e7c                UART4_IRQHandler
 .text.UART5_IRQHandler
                0x08005eb0       0x34 ..\obj\stm32_ub_uart.o
                0x08005eb0                UART5_IRQHandler
 .text.USART6_IRQHandler
                0x08005ee4       0x34 ..\obj\stm32_ub_uart.o
                0x08005ee4                USART6_IRQHandler
 .text.UART7_IRQHandler
                0x08005f18       0x34 ..\obj\stm32_ub_uart.o
                0x08005f18                UART7_IRQHandler
 .text.UART8_IRQHandler
                0x08005f4c       0x34 ..\obj\stm32_ub_uart.o
                0x08005f4c                UART8_IRQHandler
 .text.arm_sqrt_f32
                0x08005f80       0x40 ..\obj\arm_cmplx_mag_f32.o
 .text.arm_cmplx_mag_f32
                0x08005fc0      0x180 ..\obj\arm_cmplx_mag_f32.o
                0x08005fc0                arm_cmplx_mag_f32
 .text.UB_Graphic2D_DrawPixelNormal
                0x08006140       0x40 ..\obj\stm32_ub_graphic2d.o
                0x08006140                UB_Graphic2D_DrawPixelNormal
 .text.UB_Graphic2D_DrawLineNormal
                0x08006180      0x160 ..\obj\stm32_ub_graphic2d.o
                0x08006180                UB_Graphic2D_DrawLineNormal
 .text.UB_Graphic2D_DrawStraightDMA
                0x080062e0      0x124 ..\obj\stm32_ub_graphic2d.o
                0x080062e0                UB_Graphic2D_DrawStraightDMA
 .text.UB_Graphic2D_DrawFullRectDMA
                0x08006404      0x118 ..\obj\stm32_ub_graphic2d.o
                0x08006404                UB_Graphic2D_DrawFullRectDMA
 .text.UB_Graphic2D_CopyImgDMA
                0x0800651c      0x148 ..\obj\stm32_ub_graphic2d.o
                0x0800651c                UB_Graphic2D_CopyImgDMA
 .text.UB_Graphic2D_Copy1DMA
                0x08006664       0x98 ..\obj\stm32_ub_graphic2d.o
                0x08006664                UB_Graphic2D_Copy1DMA
 .text.UB_Graphic2D_Copy2DMA
                0x080066fc       0xec ..\obj\stm32_ub_graphic2d.o
                0x080066fc                UB_Graphic2D_Copy2DMA
 .text.P_Graphic2D_sgn
                0x080067e8       0x38 ..\obj\stm32_ub_graphic2d.o
                0x080067e8                P_Graphic2D_sgn
 .text.menu_draw_all
                0x08006820      0x12c ..\obj\menu.o
                0x08006820                menu_draw_all
 .text.p_menu_draw_GUI
                0x0800694c      0x194 ..\obj\menu.o
                0x0800694c                p_menu_draw_GUI
 .text.p_get_GUI_button
                0x08006ae0       0x74 ..\obj\menu.o
                0x08006ae0                p_get_GUI_button
 .text.p_gui_inc_menu
                0x08006b54      0x52c ..\obj\menu.o
                0x08006b54                p_gui_inc_menu
 .text.p_gui_dec_menu
                0x08007080      0x4e8 ..\obj\menu.o
                0x08007080                p_gui_dec_menu
 .text.p_make_GUI_changes
                0x08007568      0x288 ..\obj\menu.o
                0x08007568                p_make_GUI_changes
 .text.menu_check_touch
                0x080077f0      0x1f8 ..\obj\menu.o
                0x080077f0                menu_check_touch
 .text.p_gui_draw_TOP
                0x080079e8       0xa4 ..\obj\menu.o
                0x080079e8                p_gui_draw_TOP
 *fill*         0x08007a8c        0x4 
 .text.p_menu_draw_BOT
                0x08007a90      0x370 ..\obj\menu.o
                0x08007a90                p_menu_draw_BOT
 .text.p_menu_draw_BOT_TRG
                0x08007e00       0x6c ..\obj\menu.o
                0x08007e00                p_menu_draw_BOT_TRG
 .text.p_menu_draw_BOT_CH1
                0x08007e6c       0x30 ..\obj\menu.o
                0x08007e6c                p_menu_draw_BOT_CH1
 .text.p_menu_draw_BOT_CH2
                0x08007e9c       0x30 ..\obj\menu.o
                0x08007e9c                p_menu_draw_BOT_CH2
 *fill*         0x08007ecc        0x4 
 .text.p_menu_draw_BOT_CUR
                0x08007ed0      0x1c8 ..\obj\menu.o
                0x08007ed0                p_menu_draw_BOT_CUR
 .text.p_menu_draw_BOT_FFT
                0x08008098       0x20 ..\obj\menu.o
                0x08008098                p_menu_draw_BOT_FFT
 .text.p_menu_draw_BOT_SEND
                0x080080b8       0x48 ..\obj\menu.o
                0x080080b8                p_menu_draw_BOT_SEND
 .text.p_menu_draw_BOT_VERSION
                0x08008100       0x30 ..\obj\menu.o
                0x08008100                p_menu_draw_BOT_VERSION
 .text.p_menu_draw_BOT_HELP
                0x08008130       0x30 ..\obj\menu.o
                0x08008130                p_menu_draw_BOT_HELP
 .text.inc_uintval
                0x08008160       0x88 ..\obj\menu.o
                0x08008160                inc_uintval
 .text.dec_uintval
                0x080081e8       0x84 ..\obj\menu.o
                0x080081e8                dec_uintval
 .text.inc_intval
                0x0800826c       0x84 ..\obj\menu.o
                0x0800826c                inc_intval
 .text.dec_intval
                0x080082f0       0x88 ..\obj\menu.o
                0x080082f0                dec_intval
 .text.P_FloatToDezStr
                0x08008378      0x154 ..\obj\menu.o
                0x08008378                P_FloatToDezStr
 *fill*         0x080084cc        0x4 
 .text.P_Volt_to_Float
                0x080084d0      0x1d0 ..\obj\menu.o
                0x080084d0                P_Volt_to_Float
 .text.P_Time_to_Float
                0x080086a0      0x550 ..\obj\menu.o
                0x080086a0                P_Time_to_Float
 .text.P_FFT_to_Float
                0x08008bf0      0x728 ..\obj\menu.o
                0x08008bf0                P_FFT_to_Float
 .text.LINE     0x08009318       0x30 ..\obj\menu.o
                0x08009318                LINE
 .text.UB_LCD_Init
                0x08009348       0x94 ..\obj\stm32_ub_lcd_ili9341.o
                0x08009348                UB_LCD_Init
 .text.UB_LCD_LayerInit_Fullscreen
                0x080093dc       0xb0 ..\obj\stm32_ub_lcd_ili9341.o
                0x080093dc                UB_LCD_LayerInit_Fullscreen
 .text.UB_LCD_SetLayer_1
                0x0800948c       0x24 ..\obj\stm32_ub_lcd_ili9341.o
                0x0800948c                UB_LCD_SetLayer_1
 .text.UB_LCD_SetLayer_2
                0x080094b0       0x24 ..\obj\stm32_ub_lcd_ili9341.o
                0x080094b0                UB_LCD_SetLayer_2
 .text.UB_LCD_SetLayer_Menu
                0x080094d4       0x1c ..\obj\stm32_ub_lcd_ili9341.o
                0x080094d4                UB_LCD_SetLayer_Menu
 .text.UB_LCD_SetLayer_ADC
                0x080094f0       0x1c ..\obj\stm32_ub_lcd_ili9341.o
                0x080094f0                UB_LCD_SetLayer_ADC
 .text.UB_LCD_SetLayer_Back
                0x0800950c       0x30 ..\obj\stm32_ub_lcd_ili9341.o
                0x0800950c                UB_LCD_SetLayer_Back
 .text.UB_LCD_FillLayer
                0x0800953c       0x3c ..\obj\stm32_ub_lcd_ili9341.o
                0x0800953c                UB_LCD_FillLayer
 .text.UB_LCD_SetTransparency
                0x08009578       0x40 ..\obj\stm32_ub_lcd_ili9341.o
                0x08009578                UB_LCD_SetTransparency
 .text.UB_LCD_SetCursor2Draw
                0x080095b8       0x58 ..\obj\stm32_ub_lcd_ili9341.o
                0x080095b8                UB_LCD_SetCursor2Draw
 .text.UB_LCD_DrawPixel
                0x08009610       0xcc ..\obj\stm32_ub_lcd_ili9341.o
                0x08009610                UB_LCD_DrawPixel
 .text.UB_LCD_SetMode
                0x080096dc       0x2c ..\obj\stm32_ub_lcd_ili9341.o
                0x080096dc                UB_LCD_SetMode
 .text.UB_LCD_Copy_Layer2_to_Layer1
                0x08009708       0x44 ..\obj\stm32_ub_lcd_ili9341.o
                0x08009708                UB_LCD_Copy_Layer2_to_Layer1
 .text.UB_LCD_Refresh
                0x0800974c       0x28 ..\obj\stm32_ub_lcd_ili9341.o
                0x0800974c                UB_LCD_Refresh
 .text.P_LCD9341_InitIO
                0x08009774       0x68 ..\obj\stm32_ub_lcd_ili9341.o
                0x08009774                P_LCD9341_InitIO
 .text.P_LCD9341_InitLTCD
                0x080097dc       0x98 ..\obj\stm32_ub_lcd_ili9341.o
                0x080097dc                P_LCD9341_InitLTCD
 .text.P_LCD9341_CS
                0x08009874       0x2c ..\obj\stm32_ub_lcd_ili9341.o
                0x08009874                P_LCD9341_CS
 .text.P_LCD9341_WRX
                0x080098a0       0x30 ..\obj\stm32_ub_lcd_ili9341.o
                0x080098a0                P_LCD9341_WRX
 .text.P_LCD9341_InitChip
                0x080098d0      0x290 ..\obj\stm32_ub_lcd_ili9341.o
                0x080098d0                P_LCD9341_InitChip
 .text.P_LCD9341_CMD
                0x08009b60       0x30 ..\obj\stm32_ub_lcd_ili9341.o
                0x08009b60                P_LCD9341_CMD
 .text.P_LCD9341_DATA
                0x08009b90       0x30 ..\obj\stm32_ub_lcd_ili9341.o
                0x08009b90                P_LCD9341_DATA
 .text.P_LCD9341_AFConfig
                0x08009bc0      0x178 ..\obj\stm32_ub_lcd_ili9341.o
                0x08009bc0                P_LCD9341_AFConfig
 .text.P_LCD9341_Delay
                0x08009d38       0x28 ..\obj\stm32_ub_lcd_ili9341.o
                0x08009d38                P_LCD9341_Delay
 .text.GPIO_Init
                0x08009d60      0x11c ..\obj\stm32f4xx_gpio.o
                0x08009d60                GPIO_Init
 .text.GPIO_ReadInputDataBit
                0x08009e7c       0x34 ..\obj\stm32f4xx_gpio.o
                0x08009e7c                GPIO_ReadInputDataBit
 .text.GPIO_PinAFConfig
                0x08009eb0       0x8c ..\obj\stm32f4xx_gpio.o
                0x08009eb0                GPIO_PinAFConfig
 .text.UB_Font_DrawChar
                0x08009f3c      0x14c ..\obj\stm32_ub_font.o
                0x08009f3c                UB_Font_DrawChar
 .text.UB_Font_DrawString
                0x0800a088       0x9c ..\obj\stm32_ub_font.o
                0x0800a088                UB_Font_DrawString
 .text.SystemInit
                0x0800a124       0x68 ..\obj\system_stm32f4xx.o
                0x0800a124                SystemInit
 .text.SetSysClock
                0x0800a18c      0x128 ..\obj\system_stm32f4xx.o
 .text.UB_SPI5_Init
                0x0800a2b4      0x1c0 ..\obj\stm32_ub_spi5.o
                0x0800a2b4                UB_SPI5_Init
 .text.UB_SPI5_SendByte
                0x0800a474       0x54 ..\obj\stm32_ub_spi5.o
                0x0800a474                UB_SPI5_SendByte
 .text.DMA_DeInit
                0x0800a4c8      0x1a4 ..\obj\stm32f4xx_dma.o
                0x0800a4c8                DMA_DeInit
 .text.DMA_Init
                0x0800a66c       0xac ..\obj\stm32f4xx_dma.o
                0x0800a66c                DMA_Init
 .text.DMA_Cmd  0x0800a718       0x38 ..\obj\stm32f4xx_dma.o
                0x0800a718                DMA_Cmd
 .text.DMA_GetCmdStatus
                0x0800a750       0x30 ..\obj\stm32f4xx_dma.o
                0x0800a750                DMA_GetCmdStatus
 .text.DMA_ITConfig
                0x0800a780       0x74 ..\obj\stm32f4xx_dma.o
                0x0800a780                DMA_ITConfig
 .text.DMA_GetITStatus
                0x0800a7f4       0xb0 ..\obj\stm32f4xx_dma.o
                0x0800a7f4                DMA_GetITStatus
 .text.DMA_ClearITPendingBit
                0x0800a8a4       0x5c ..\obj\stm32f4xx_dma.o
                0x0800a8a4                DMA_ClearITPendingBit
 .text.ADC_Init_ALL
                0x0800a900       0x40 ..\obj\adc.o
                0x0800a900                ADC_Init_ALL
 .text.ADC_change_Frq
                0x0800a940      0x180 ..\obj\adc.o
                0x0800a940                ADC_change_Frq
 .text.ADC_change_Mode
                0x0800aac0      0x124 ..\obj\adc.o
                0x0800aac0                ADC_change_Mode
 .text.P_ADC_Clear
                0x0800abe4       0x80 ..\obj\adc.o
                0x0800abe4                P_ADC_Clear
 .text.P_ADC_InitIO
                0x0800ac64       0x74 ..\obj\adc.o
                0x0800ac64                P_ADC_InitIO
 .text.P_ADC_InitDMA_DoubleBuffer
                0x0800acd8       0xd4 ..\obj\adc.o
                0x0800acd8                P_ADC_InitDMA_DoubleBuffer
 .text.P_ADC_InitNVIC
                0x0800adac       0x34 ..\obj\adc.o
                0x0800adac                P_ADC_InitNVIC
 .text.P_ADC_InitADC
                0x0800ade0       0xb4 ..\obj\adc.o
                0x0800ade0                P_ADC_InitADC
 .text.P_ADC_Start
                0x0800ae94       0x40 ..\obj\adc.o
                0x0800ae94                P_ADC_Start
 .text.P_ADC_InitTimer2
                0x0800aed4       0x3c ..\obj\adc.o
                0x0800aed4                P_ADC_InitTimer2
 .text.DMA2_Stream0_IRQHandler
                0x0800af10       0xd4 ..\obj\adc.o
                0x0800af10                DMA2_Stream0_IRQHandler
 .text.ADC_searchTrigger_A1
                0x0800afe4       0xfc ..\obj\adc.o
                0x0800afe4                ADC_searchTrigger_A1
 .text.ADC_searchTrigger_A2
                0x0800b0e0      0x100 ..\obj\adc.o
                0x0800b0e0                ADC_searchTrigger_A2
 .text.ADC_searchTrigger_B1
                0x0800b1e0       0xfc ..\obj\adc.o
                0x0800b1e0                ADC_searchTrigger_B1
 .text.ADC_searchTrigger_B2
                0x0800b2dc      0x100 ..\obj\adc.o
                0x0800b2dc                ADC_searchTrigger_B2
 .text.FMC_SDRAMInit
                0x0800b3dc      0x15c ..\obj\stm32f4xx_fmc.o
                0x0800b3dc                FMC_SDRAMInit
 .text.FMC_SDRAMCmdConfig
                0x0800b538       0x40 ..\obj\stm32f4xx_fmc.o
                0x0800b538                FMC_SDRAMCmdConfig
 .text.FMC_SetRefreshCount
                0x0800b578       0x24 ..\obj\stm32f4xx_fmc.o
                0x0800b578                FMC_SetRefreshCount
 .text.FMC_GetFlagStatus
                0x0800b59c       0x7c ..\obj\stm32f4xx_fmc.o
                0x0800b59c                FMC_GetFlagStatus
 .text.SPI_I2S_DeInit
                0x0800b618       0xd8 ..\obj\stm32f4xx_spi.o
                0x0800b618                SPI_I2S_DeInit
 .text.SPI_Init
                0x0800b6f0       0x88 ..\obj\stm32f4xx_spi.o
                0x0800b6f0                SPI_Init
 .text.SPI_Cmd  0x0800b778       0x40 ..\obj\stm32f4xx_spi.o
                0x0800b778                SPI_Cmd
 .text.SPI_I2S_ReceiveData
                0x0800b7b8       0x1c ..\obj\stm32f4xx_spi.o
                0x0800b7b8                SPI_I2S_ReceiveData
 .text.SPI_I2S_SendData
                0x0800b7d4       0x1c ..\obj\stm32f4xx_spi.o
                0x0800b7d4                SPI_I2S_SendData
 .text.SPI_I2S_GetFlagStatus
                0x0800b7f0       0x38 ..\obj\stm32f4xx_spi.o
                0x0800b7f0                SPI_I2S_GetFlagStatus
 .text.I2C_DeInit
                0x0800b828       0x74 ..\obj\stm32f4xx_i2c.o
                0x0800b828                I2C_DeInit
 .text.I2C_Init
                0x0800b89c      0x184 ..\obj\stm32f4xx_i2c.o
                0x0800b89c                I2C_Init
 .text.I2C_Cmd  0x0800ba20       0x40 ..\obj\stm32f4xx_i2c.o
                0x0800ba20                I2C_Cmd
 .text.I2C_GenerateSTART
                0x0800ba60       0x40 ..\obj\stm32f4xx_i2c.o
                0x0800ba60                I2C_GenerateSTART
 .text.I2C_GenerateSTOP
                0x0800baa0       0x40 ..\obj\stm32f4xx_i2c.o
                0x0800baa0                I2C_GenerateSTOP
 .text.I2C_Send7bitAddress
                0x0800bae0       0x3c ..\obj\stm32f4xx_i2c.o
                0x0800bae0                I2C_Send7bitAddress
 .text.I2C_AcknowledgeConfig
                0x0800bb1c       0x40 ..\obj\stm32f4xx_i2c.o
                0x0800bb1c                I2C_AcknowledgeConfig
 .text.I2C_SoftwareResetCmd
                0x0800bb5c       0x44 ..\obj\stm32f4xx_i2c.o
                0x0800bb5c                I2C_SoftwareResetCmd
 .text.I2C_SendData
                0x0800bba0       0x20 ..\obj\stm32f4xx_i2c.o
                0x0800bba0                I2C_SendData
 .text.I2C_ReceiveData
                0x0800bbc0       0x1c ..\obj\stm32f4xx_i2c.o
                0x0800bbc0                I2C_ReceiveData
 .text.I2C_GetFlagStatus
                0x0800bbdc       0x68 ..\obj\stm32f4xx_i2c.o
                0x0800bbdc                I2C_GetFlagStatus
 .text.NVIC_Init
                0x0800bc44       0xbc ..\obj\misc.o
                0x0800bc44                NVIC_Init
 .text.UB_Touch_Init
                0x0800bd00       0x40 ..\obj\stm32_ub_touch_stmpe811.o
                0x0800bd00                UB_Touch_Init
 .text.UB_Touch_Read
                0x0800bd40       0xe0 ..\obj\stm32_ub_touch_stmpe811.o
                0x0800bd40                UB_Touch_Read
 .text.P_Touch_Reset
                0x0800be20       0x24 ..\obj\stm32_ub_touch_stmpe811.o
                0x0800be20                P_Touch_Reset
 .text.P_Touch_FnctCmd
                0x0800be44       0x64 ..\obj\stm32_ub_touch_stmpe811.o
                0x0800be44                P_Touch_FnctCmd
 .text.P_Touch_Config
                0x0800bea8       0x9c ..\obj\stm32_ub_touch_stmpe811.o
                0x0800bea8                P_Touch_Config
 .text.P_Touch_ReadID
                0x0800bf44       0x5c ..\obj\stm32_ub_touch_stmpe811.o
                0x0800bf44                P_Touch_ReadID
 .text.P_Touch_IOAFConfig
                0x0800bfa0       0x64 ..\obj\stm32_ub_touch_stmpe811.o
                0x0800bfa0                P_Touch_IOAFConfig
 .text.P_Touch_Read_X
                0x0800c004       0x68 ..\obj\stm32_ub_touch_stmpe811.o
 .text.P_Touch_Read_Y
                0x0800c06c       0x54 ..\obj\stm32_ub_touch_stmpe811.o
 .text.P_Touch_Read_16b
                0x0800c0c0       0x64 ..\obj\stm32_ub_touch_stmpe811.o
                0x0800c0c0                P_Touch_Read_16b
 .text.arm_cfft_radix4_init_f32
                0x0800c124       0xe4 ..\obj\arm_cfft_radix4_init_f32.o
                0x0800c124                arm_cfft_radix4_init_f32
 .text.TIM_TimeBaseInit
                0x0800c208       0xd4 ..\obj\stm32f4xx_tim.o
                0x0800c208                TIM_TimeBaseInit
 .text.TIM_ARRPreloadConfig
                0x0800c2dc       0x40 ..\obj\stm32f4xx_tim.o
                0x0800c2dc                TIM_ARRPreloadConfig
 .text.TIM_Cmd  0x0800c31c       0x40 ..\obj\stm32f4xx_tim.o
                0x0800c31c                TIM_Cmd
 .text.TIM_ITConfig
                0x0800c35c       0x48 ..\obj\stm32f4xx_tim.o
                0x0800c35c                TIM_ITConfig
 .text.TIM_ClearITPendingBit
                0x0800c3a4       0x20 ..\obj\stm32f4xx_tim.o
                0x0800c3a4                TIM_ClearITPendingBit
 .text.TIM_SelectOutputTrigger
                0x0800c3c4       0x38 ..\obj\stm32f4xx_tim.o
                0x0800c3c4                TIM_SelectOutputTrigger
 .text.sqrtf    0x0800c3fc       0xb0 c:/program files/gnu tools arm embedded/4.8 2014q1/bin/../lib/gcc/arm-none-eabi/4.8.3/../../../../arm-none-eabi/lib/armv7e-m/softfp\libm.a(lib_a-wf_sqrt.o)
                0x0800c3fc                sqrtf
 .text.__ieee754_sqrtf
                0x0800c4ac       0xac c:/program files/gnu tools arm embedded/4.8 2014q1/bin/../lib/gcc/arm-none-eabi/4.8.3/../../../../arm-none-eabi/lib/armv7e-m/softfp\libm.a(lib_a-ef_sqrt.o)
                0x0800c4ac                __ieee754_sqrtf
 .text.matherr  0x0800c558        0x4 c:/program files/gnu tools arm embedded/4.8 2014q1/bin/../lib/gcc/arm-none-eabi/4.8.3/../../../../arm-none-eabi/lib/armv7e-m/softfp\libm.a(lib_a-s_matherr.o)
                0x0800c558                matherr
 .text.__fpclassifyf
                0x0800c55c       0x34 c:/program files/gnu tools arm embedded/4.8 2014q1/bin/../lib/gcc/arm-none-eabi/4.8.3/../../../../arm-none-eabi/lib/armv7e-m/softfp\libm.a(lib_a-sf_fpclassify.o)
                0x0800c55c                __fpclassifyf
 .text          0x0800c590      0x370 c:/program files/gnu tools arm embedded/4.8 2014q1/bin/../lib/gcc/arm-none-eabi/4.8.3/armv7e-m/softfp\libgcc.a(_arm_addsubdf3.o)
                0x0800c590                __aeabi_drsub
                0x0800c598                __aeabi_dsub
                0x0800c598                __subdf3
                0x0800c59c                __aeabi_dadd
                0x0800c59c                __adddf3
                0x0800c814                __floatunsidf
                0x0800c814                __aeabi_ui2d
                0x0800c834                __floatsidf
                0x0800c834                __aeabi_i2d
                0x0800c858                __aeabi_f2d
                0x0800c858                __extendsfdf2
                0x0800c894                __floatundidf
                0x0800c894                __aeabi_ul2d
                0x0800c8a4                __floatdidf
                0x0800c8a4                __aeabi_l2d
 .text          0x0800c900      0x424 c:/program files/gnu tools arm embedded/4.8 2014q1/bin/../lib/gcc/arm-none-eabi/4.8.3/armv7e-m/softfp\libgcc.a(_arm_muldivdf3.o)
                0x0800c900                __aeabi_dmul
                0x0800c900                __muldf3
                0x0800cb54                __divdf3
                0x0800cb54                __aeabi_ddiv
 .text          0x0800cd24       0x50 c:/program files/gnu tools arm embedded/4.8 2014q1/bin/../lib/gcc/arm-none-eabi/4.8.3/armv7e-m/softfp\libgcc.a(_arm_fixdfsi.o)
                0x0800cd24                __aeabi_d2iz
                0x0800cd24                __fixdfsi
 .text          0x0800cd74       0x40 c:/program files/gnu tools arm embedded/4.8 2014q1/bin/../lib/gcc/arm-none-eabi/4.8.3/armv7e-m/softfp\libgcc.a(_arm_fixunsdfsi.o)
                0x0800cd74                __aeabi_d2uiz
                0x0800cd74                __fixunsdfsi
 .text          0x0800cdb4       0xa0 c:/program files/gnu tools arm embedded/4.8 2014q1/bin/../lib/gcc/arm-none-eabi/4.8.3/armv7e-m/softfp\libgcc.a(_arm_truncdfsf2.o)
                0x0800cdb4                __truncdfsf2
                0x0800cdb4                __aeabi_d2f
 .text.__errno  0x0800ce54        0xc c:/program files/gnu tools arm embedded/4.8 2014q1/bin/../lib/gcc/arm-none-eabi/4.8.3/../../../../arm-none-eabi/lib/armv7e-m/softfp\libc.a(lib_a-errno.o)
                0x0800ce54                __errno
 *(.glue_7t)
 .glue_7t       0x00000000        0x0 linker stubs
 *(.glue_7)
 .glue_7        0x00000000        0x0 linker stubs
 *(.rodata .rodata* .gnu.linkonce.r.*)
 .rodata        0x0800ce60       0xbc ..\obj\oszi.o
 .rodata        0x0800cf1c      0x380 ..\obj\arm_common_tables.o
                0x0800cf1c                armBitRevTable
                0x0800d11c                armRecipTableQ15
                0x0800d19c                armRecipTableQ31
 .rodata        0x0800d29c     0x4000 ..\obj\arm_rfft_init_f32.o
 .rodata        0x0801129c      0x76c ..\obj\ub_font_arial_7x10.o
                0x0801129c                Arial_7x10_Table
 .rodata        0x08011a08      0x464 ..\obj\menu.o
                0x08011a4c                MM_ITEM
                0x08011b14                UM_01
                0x08011bb4                UM_02
                0x08011c38                UM_03
                0x08011c60                UM_04
                0x08011c70                UM_05
                0x08011c90                UM_06
                0x08011c9c                UM_07
                0x08011ca8                UM_08
                0x08011cd8                UM_09
                0x08011d0c                UM_10
                0x08011d78                UM_11
                0x08011d9c                UM_12
                0x08011da4                UM_13
                0x08011db0                UM_14
 .rodata        0x08011e6c     0x9c30 ..\obj\GUI1.o
                0x08011e6c                GUI1_Table
 .rodata        0x0801ba9c     0x9c30 ..\obj\GUI2.o
                0x0801ba9c                GUI2_Table
 .rodata        0x080256cc     0x2000 ..\obj\arm_cfft_radix4_init_f32.o
 .rodata.str1.4
                0x080276cc        0x8 c:/program files/gnu tools arm embedded/4.8 2014q1/bin/../lib/gcc/arm-none-eabi/4.8.3/../../../../arm-none-eabi/lib/armv7e-m/softfp\libm.a(lib_a-wf_sqrt.o)

.vfp11_veneer   0x080276d4        0x0
 .vfp11_veneer  0x00000000        0x0 linker stubs

.v4_bx          0x080276d4        0x0
 .v4_bx         0x00000000        0x0 linker stubs

.iplt           0x080276d4        0x0
 .iplt          0x00000000        0x0 ..\obj\oszi.o

.rel.dyn        0x080276d4        0x0
 .rel.iplt      0x00000000        0x0 ..\obj\oszi.o

.ARM.extab
 *(.ARM.extab* .gnu.linkonce.armextab.*)
                0x080276d4                __exidx_start = .

.ARM.exidx
 *(.ARM.exidx* .gnu.linkonce.armexidx.*)
                0x080276d4                __exidx_end = .
                0x080276d4                . = ALIGN (0x4)
                0x080276d4                _etext = .
                0x080276d4                _sidata = .

.data           0x20000000      0x58c load address 0x080276d4
                0x20000000                _sdata = .
 *(.data .data.*)
 .data          0x20000000       0x38 ..\obj\oszi.o
                0x20000000                BMP_HEADER
 .data          0x20000038       0x20 ..\obj\stm32_ub_i2c3.o
                0x20000038                I2C3DEV
 .data          0x20000058       0x28 ..\obj\stm32_ub_led.o
                0x20000058                LED
 .data          0x20000080       0x10 ..\obj\stm32f4xx_rcc.o
 .data          0x20000090      0x430 ..\obj\printf.o
                0x20000090                r
                0x200004b8                _impure_ptr
 .data          0x200004c0       0x14 ..\obj\stm32_ub_button.o
                0x200004c0                BUTTON
 .data          0x200004d4        0x8 ..\obj\ub_font_arial_7x10.o
                0x200004d4                Arial_7x10
 .data          0x200004dc       0x38 ..\obj\stm32_ub_uart.o
                0x200004dc                UART
 .data          0x20000514        0xc ..\obj\menu.o
 .data          0x20000520        0x8 ..\obj\GUI1.o
                0x20000520                GUI1
 .data          0x20000528       0x30 ..\obj\stm32_ub_spi5.o
                0x20000528                SPI5DEV
 .data          0x20000558        0x8 ..\obj\GUI2.o
                0x20000558                GUI2
 .data          0x20000560       0x28 ..\obj\adc.o
                0x20000560                ADC1d
 .data.__fdlib_version
                0x20000588        0x1 c:/program files/gnu tools arm embedded/4.8 2014q1/bin/../lib/gcc/arm-none-eabi/4.8.3/../../../../arm-none-eabi/lib/armv7e-m/softfp\libm.a(lib_a-s_lib_ver.o)
                0x20000588                __fdlib_version
                0x2000058c                . = ALIGN (0x4)
 *fill*         0x20000589        0x3 
                0x2000058c                _edata = .

.igot.plt       0x2000058c        0x0 load address 0x08027c60
 .igot.plt      0x00000000        0x0 ..\obj\oszi.o

.bss            0x2000058c     0x316c load address 0x08027c60
                0x2000058c                _sbss = .
 *(.bss .bss.*)
 .bss           0x2000058c        0x1 ..\obj\stm32_ub_sdram.o
 .bss           0x2000058d        0x1 ..\obj\stm32_ub_i2c3.o
 *fill*         0x2000058e        0x2 
 .bss           0x20000590     0x1800 ..\obj\fft.o
 .bss           0x20001d90        0x4 ..\obj\stm32_ub_systick.o
 .bss           0x20001d94        0x8 ..\obj\stm32_ub_button.o
 .bss           0x20001d9c        0xa ..\obj\menu.o
 *fill*         0x20001da6        0x2 
 .bss           0x20001da8        0x8 ..\obj\stm32_ub_lcd_ili9341.o
 .bss           0x20001db0        0x2 ..\obj\stm32_ub_spi5.o
 *fill*         0x20001db2        0x2 
 .bss           0x20001db4        0x8 ..\obj\stm32_ub_touch_stmpe811.o
 *(COMMON)
 COMMON         0x20001dbc     0x18e4 ..\obj\oszi.o
                0x20001dbc                LCD_ADCFrameBuffer
                0x20001dc0                ADC_DMA_Buffer_C
                0x20002270                LCD_CurrentLayer
                0x20002274                LCD_DISPLAY_MODE
                0x20002278                GUI_Timer_ms
                0x2000227c                ADC_UB
                0x2000228c                FFT_UINT_DATA
                0x2000248c                ADC_DMA_Buffer_A
                0x2000293c                LCD_CurrentOrientation
                0x20002940                I2C3_DATA
                0x2000294c                GUI
                0x20002954                LCD_MenuFrameBuffer
                0x20002958                Touch_Data
                0x20002960                ADC_DMA_Buffer_B
                0x20002e10                FFT_DATA_IN
                0x20003610                UART_RX
                0x20003644                LCD_CurrentFrameBuffer
                0x20003648                Menu
 COMMON         0x200036a0       0x2c ..\obj\fft.o
                0x200036a0                S
                0x200036b8                S_CFFT
 COMMON         0x200036cc       0x2a ..\obj\menu.o
                0x200036cc                bval
                0x200036d8                buf
                0x200036f8                . = ALIGN (0x4)
 *fill*         0x200036f6        0x2 
                0x200036f8                _ebss = .

.co_stack       0x200036f8      0x800 load address 0x0802adcc
                0x200036f8                . = ALIGN (0x8)
 *(.co_stack .co_stack.*)
 .co_stack      0x200036f8      0x800 ..\obj\startup_stm32f4xx.o
                0x200036f8                pulStack
                0x20003ef8                . = ALIGN (0x4)
                0x20003ef8                _end = .

.HeapMemSection
 *(.HeapMemSection)
LOAD ..\obj\oszi.o
LOAD ..\obj\stm32_ub_sdram.o
LOAD ..\obj\arm_cfft_radix4_f32.o
LOAD ..\obj\stm32f4xx_dma2d.o
LOAD ..\obj\arm_common_tables.o
LOAD ..\obj\arm_rfft_f32.o
LOAD ..\obj\stm32_ub_i2c3.o
LOAD ..\obj\stm32f4xx_usart.o
LOAD ..\obj\fft.o
LOAD ..\obj\stm32f4xx_ltdc.o
LOAD ..\obj\startup_stm32f4xx.o
LOAD ..\obj\stm32_ub_led.o
LOAD ..\obj\main.o
LOAD ..\obj\stm32f4xx_rcc.o
LOAD ..\obj\arm_rfft_init_f32.o
LOAD ..\obj\stm32f4xx_adc.o
LOAD ..\obj\stm32_ub_systick.o
LOAD ..\obj\printf.o
LOAD ..\obj\stm32_ub_button.o
LOAD ..\obj\ub_font_arial_7x10.o
LOAD ..\obj\stm32_ub_uart.o
LOAD ..\obj\arm_cmplx_mag_f32.o
LOAD ..\obj\stm32_ub_graphic2d.o
LOAD ..\obj\menu.o
LOAD ..\obj\stm32_ub_lcd_ili9341.o
LOAD ..\obj\GUI1.o
LOAD ..\obj\stm32f4xx_gpio.o
LOAD ..\obj\stm32_ub_font.o
LOAD ..\obj\system_stm32f4xx.o
LOAD ..\obj\syscalls.o
LOAD ..\obj\stm32_ub_spi5.o
LOAD ..\obj\GUI2.o
LOAD ..\obj\stm32f4xx_dma.o
LOAD ..\obj\adc.o
LOAD ..\obj\stm32f4xx_fmc.o
LOAD ..\obj\stm32f4xx_spi.o
LOAD ..\obj\stm32f4xx_i2c.o
LOAD ..\obj\misc.o
LOAD ..\obj\stm32_ub_touch_stmpe811.o
LOAD ..\obj\arm_max_f32.o
LOAD ..\obj\arm_cfft_radix4_init_f32.o
LOAD ..\obj\stm32f4xx_tim.o
LOAD c:/program files/gnu tools arm embedded/4.8 2014q1/bin/../lib/gcc/arm-none-eabi/4.8.3/../../../../arm-none-eabi/lib/armv7e-m/softfp\libm.a
LOAD c:/program files/gnu tools arm embedded/4.8 2014q1/bin/../lib/gcc/arm-none-eabi/4.8.3/armv7e-m/softfp\libgcc.a
LOAD c:/program files/gnu tools arm embedded/4.8 2014q1/bin/../lib/gcc/arm-none-eabi/4.8.3/../../../../arm-none-eabi/lib/armv7e-m/softfp\libc.a
START GROUP
LOAD c:/program files/gnu tools arm embedded/4.8 2014q1/bin/../lib/gcc/arm-none-eabi/4.8.3/armv7e-m/softfp\libgcc.a
LOAD c:/program files/gnu tools arm embedded/4.8 2014q1/bin/../lib/gcc/arm-none-eabi/4.8.3/../../../../arm-none-eabi/lib/armv7e-m/softfp\libg.a
LOAD c:/program files/gnu tools arm embedded/4.8 2014q1/bin/../lib/gcc/arm-none-eabi/4.8.3/../../../../arm-none-eabi/lib/armv7e-m/softfp\libc.a
END GROUP
OUTPUT(stm32f429.elf elf32-littlearm)

.debug_info     0x00000000    0x146b3
 .debug_info    0x00000000      0xf31 ..\obj\oszi.o
 .debug_info    0x00000f31      0x720 ..\obj\stm32_ub_sdram.o
 .debug_info    0x00001651      0x578 ..\obj\arm_cfft_radix4_f32.o
 .debug_info    0x00001bc9      0x819 ..\obj\stm32f4xx_dma2d.o
 .debug_info    0x000023e2      0x14f ..\obj\arm_common_tables.o
 .debug_info    0x00002531      0x44f ..\obj\arm_rfft_f32.o
 .debug_info    0x00002980      0x745 ..\obj\stm32_ub_i2c3.o
 .debug_info    0x000030c5      0x9c2 ..\obj\stm32f4xx_usart.o
 .debug_info    0x00003a87      0x366 ..\obj\fft.o
 .debug_info    0x00003ded      0xcf8 ..\obj\stm32f4xx_ltdc.o
 .debug_info    0x00004ae5       0xed ..\obj\startup_stm32f4xx.o
 .debug_info    0x00004bd2      0x40e ..\obj\stm32_ub_led.o
 .debug_info    0x00004fe0      0x71b ..\obj\main.o
 .debug_info    0x000056fb      0xe11 ..\obj\stm32f4xx_rcc.o
 .debug_info    0x0000650c      0x2de ..\obj\arm_rfft_init_f32.o
 .debug_info    0x000067ea      0xc38 ..\obj\stm32f4xx_adc.o
 .debug_info    0x00007422      0x975 ..\obj\stm32_ub_systick.o
 .debug_info    0x00007d97      0xe38 ..\obj\printf.o
 .debug_info    0x00008bcf      0xa4a ..\obj\stm32_ub_button.o
 .debug_info    0x00009619      0x123 ..\obj\ub_font_arial_7x10.o
 .debug_info    0x0000973c      0xb2e ..\obj\stm32_ub_uart.o
 .debug_info    0x0000a26a      0x191 ..\obj\arm_cmplx_mag_f32.o
 .debug_info    0x0000a3fb      0xa46 ..\obj\stm32_ub_graphic2d.o
 .debug_info    0x0000ae41      0xf7e ..\obj\menu.o
 .debug_info    0x0000bdbf      0x9da ..\obj\stm32_ub_lcd_ili9341.o
 .debug_info    0x0000c799      0x1c0 ..\obj\GUI1.o
 .debug_info    0x0000c959      0x605 ..\obj\stm32f4xx_gpio.o
 .debug_info    0x0000cf5e      0x439 ..\obj\stm32_ub_font.o
 .debug_info    0x0000d397      0x5bc ..\obj\system_stm32f4xx.o
 .debug_info    0x0000d953      0x5d9 ..\obj\stm32_ub_spi5.o
 .debug_info    0x0000df2c      0x1c0 ..\obj\GUI2.o
 .debug_info    0x0000e0ec      0x739 ..\obj\stm32f4xx_dma.o
 .debug_info    0x0000e825     0x1361 ..\obj\adc.o
 .debug_info    0x0000fb86      0xc86 ..\obj\stm32f4xx_fmc.o
 .debug_info    0x0001080c      0xb21 ..\obj\stm32f4xx_spi.o
 .debug_info    0x0001132d      0xb87 ..\obj\stm32f4xx_i2c.o
 .debug_info    0x00011eb4      0x53d ..\obj\misc.o
 .debug_info    0x000123f1      0x428 ..\obj\stm32_ub_touch_stmpe811.o
 .debug_info    0x00012819      0x239 ..\obj\arm_cfft_radix4_init_f32.o
 .debug_info    0x00012a52     0x1c61 ..\obj\stm32f4xx_tim.o

.debug_abbrev   0x00000000     0x385d
 .debug_abbrev  0x00000000      0x246 ..\obj\oszi.o
 .debug_abbrev  0x00000246      0x1d1 ..\obj\stm32_ub_sdram.o
 .debug_abbrev  0x00000417      0x12e ..\obj\arm_cfft_radix4_f32.o
 .debug_abbrev  0x00000545      0x1a6 ..\obj\stm32f4xx_dma2d.o
 .debug_abbrev  0x000006eb       0x68 ..\obj\arm_common_tables.o
 .debug_abbrev  0x00000753      0x114 ..\obj\arm_rfft_f32.o
 .debug_abbrev  0x00000867      0x1f5 ..\obj\stm32_ub_i2c3.o
 .debug_abbrev  0x00000a5c      0x155 ..\obj\stm32f4xx_usart.o
 .debug_abbrev  0x00000bb1      0x126 ..\obj\fft.o
 .debug_abbrev  0x00000cd7      0x18e ..\obj\stm32f4xx_ltdc.o
 .debug_abbrev  0x00000e65       0xb0 ..\obj\startup_stm32f4xx.o
 .debug_abbrev  0x00000f15      0x149 ..\obj\stm32_ub_led.o
 .debug_abbrev  0x0000105e      0x130 ..\obj\main.o
 .debug_abbrev  0x0000118e      0x1ba ..\obj\stm32f4xx_rcc.o
 .debug_abbrev  0x00001348       0xee ..\obj\arm_rfft_init_f32.o
 .debug_abbrev  0x00001436      0x196 ..\obj\stm32f4xx_adc.o
 .debug_abbrev  0x000015cc      0x1eb ..\obj\stm32_ub_systick.o
 .debug_abbrev  0x000017b7      0x27e ..\obj\printf.o
 .debug_abbrev  0x00001a35      0x185 ..\obj\stm32_ub_button.o
 .debug_abbrev  0x00001bba       0x9a ..\obj\ub_font_arial_7x10.o
 .debug_abbrev  0x00001c54      0x1d3 ..\obj\stm32_ub_uart.o
 .debug_abbrev  0x00001e27       0xcf ..\obj\arm_cmplx_mag_f32.o
 .debug_abbrev  0x00001ef6      0x18d ..\obj\stm32_ub_graphic2d.o
 .debug_abbrev  0x00002083      0x20e ..\obj\menu.o
 .debug_abbrev  0x00002291      0x1e0 ..\obj\stm32_ub_lcd_ili9341.o
 .debug_abbrev  0x00002471       0xc1 ..\obj\GUI1.o
 .debug_abbrev  0x00002532      0x1a3 ..\obj\stm32f4xx_gpio.o
 .debug_abbrev  0x000026d5       0xf8 ..\obj\stm32_ub_font.o
 .debug_abbrev  0x000027cd      0x136 ..\obj\system_stm32f4xx.o
 .debug_abbrev  0x00002903      0x149 ..\obj\stm32_ub_spi5.o
 .debug_abbrev  0x00002a4c       0xc1 ..\obj\GUI2.o
 .debug_abbrev  0x00002b0d      0x155 ..\obj\stm32f4xx_dma.o
 .debug_abbrev  0x00002c62      0x225 ..\obj\adc.o
 .debug_abbrev  0x00002e87      0x17f ..\obj\stm32f4xx_fmc.o
 .debug_abbrev  0x00003006      0x167 ..\obj\stm32f4xx_spi.o
 .debug_abbrev  0x0000316d      0x164 ..\obj\stm32f4xx_i2c.o
 .debug_abbrev  0x000032d1      0x145 ..\obj\misc.o
 .debug_abbrev  0x00003416      0x1b8 ..\obj\stm32_ub_touch_stmpe811.o
 .debug_abbrev  0x000035ce      0x108 ..\obj\arm_cfft_radix4_init_f32.o
 .debug_abbrev  0x000036d6      0x187 ..\obj\stm32f4xx_tim.o

.debug_aranges  0x00000000     0x1618
 .debug_aranges
                0x00000000       0x98 ..\obj\oszi.o
 .debug_aranges
                0x00000098       0x80 ..\obj\stm32_ub_sdram.o
 .debug_aranges
                0x00000118       0x38 ..\obj\arm_cfft_radix4_f32.o
 .debug_aranges
                0x00000150       0xb0 ..\obj\stm32f4xx_dma2d.o
 .debug_aranges
                0x00000200       0x18 ..\obj\arm_common_tables.o
 .debug_aranges
                0x00000218       0x30 ..\obj\arm_rfft_f32.o
 .debug_aranges
                0x00000248       0x58 ..\obj\stm32_ub_i2c3.o
 .debug_aranges
                0x000002a0      0x100 ..\obj\stm32f4xx_usart.o
 .debug_aranges
                0x000003a0       0x28 ..\obj\fft.o
 .debug_aranges
                0x000003c8      0x108 ..\obj\stm32f4xx_ltdc.o
 .debug_aranges
                0x000004d0       0x28 ..\obj\startup_stm32f4xx.o
 .debug_aranges
                0x000004f8       0x40 ..\obj\stm32_ub_led.o
 .debug_aranges
                0x00000538       0x20 ..\obj\main.o
 .debug_aranges
                0x00000558      0x1b8 ..\obj\stm32f4xx_rcc.o
 .debug_aranges
                0x00000710       0x20 ..\obj\arm_rfft_init_f32.o
 .debug_aranges
                0x00000730      0x148 ..\obj\stm32f4xx_adc.o
 .debug_aranges
                0x00000878       0x48 ..\obj\stm32_ub_systick.o
 .debug_aranges
                0x000008c0       0xa0 ..\obj\printf.o
 .debug_aranges
                0x00000960       0x58 ..\obj\stm32_ub_button.o
 .debug_aranges
                0x000009b8       0x18 ..\obj\ub_font_arial_7x10.o
 .debug_aranges
                0x000009d0       0x88 ..\obj\stm32_ub_uart.o
 .debug_aranges
                0x00000a58       0x28 ..\obj\arm_cmplx_mag_f32.o
 .debug_aranges
                0x00000a80       0x78 ..\obj\stm32_ub_graphic2d.o
 .debug_aranges
                0x00000af8       0xf0 ..\obj\menu.o
 .debug_aranges
                0x00000be8       0xe8 ..\obj\stm32_ub_lcd_ili9341.o
 .debug_aranges
                0x00000cd0       0x18 ..\obj\GUI1.o
 .debug_aranges
                0x00000ce8       0x88 ..\obj\stm32f4xx_gpio.o
 .debug_aranges
                0x00000d70       0x38 ..\obj\stm32_ub_font.o
 .debug_aranges
                0x00000da8       0x30 ..\obj\system_stm32f4xx.o
 .debug_aranges
                0x00000dd8       0x28 ..\obj\stm32_ub_spi5.o
 .debug_aranges
                0x00000e00       0x18 ..\obj\GUI2.o
 .debug_aranges
                0x00000e18       0xb0 ..\obj\stm32f4xx_dma.o
 .debug_aranges
                0x00000ec8       0x90 ..\obj\adc.o
 .debug_aranges
                0x00000f58       0xf0 ..\obj\stm32f4xx_fmc.o
 .debug_aranges
                0x00001048       0xe0 ..\obj\stm32f4xx_spi.o
 .debug_aranges
                0x00001128      0x130 ..\obj\stm32f4xx_i2c.o
 .debug_aranges
                0x00001258       0x40 ..\obj\misc.o
 .debug_aranges
                0x00001298       0x68 ..\obj\stm32_ub_touch_stmpe811.o
 .debug_aranges
                0x00001300       0x20 ..\obj\arm_cfft_radix4_init_f32.o
 .debug_aranges
                0x00001320      0x2f8 ..\obj\stm32f4xx_tim.o

.debug_ranges   0x00000000     0x1378
 .debug_ranges  0x00000000       0x88 ..\obj\oszi.o
 .debug_ranges  0x00000088       0x70 ..\obj\stm32_ub_sdram.o
 .debug_ranges  0x000000f8       0x28 ..\obj\arm_cfft_radix4_f32.o
 .debug_ranges  0x00000120       0xa0 ..\obj\stm32f4xx_dma2d.o
 .debug_ranges  0x000001c0       0x20 ..\obj\arm_rfft_f32.o
 .debug_ranges  0x000001e0       0x48 ..\obj\stm32_ub_i2c3.o
 .debug_ranges  0x00000228       0xf0 ..\obj\stm32f4xx_usart.o
 .debug_ranges  0x00000318       0x18 ..\obj\fft.o
 .debug_ranges  0x00000330       0xf8 ..\obj\stm32f4xx_ltdc.o
 .debug_ranges  0x00000428       0x18 ..\obj\startup_stm32f4xx.o
 .debug_ranges  0x00000440       0x30 ..\obj\stm32_ub_led.o
 .debug_ranges  0x00000470       0x10 ..\obj\main.o
 .debug_ranges  0x00000480      0x1a8 ..\obj\stm32f4xx_rcc.o
 .debug_ranges  0x00000628       0x10 ..\obj\arm_rfft_init_f32.o
 .debug_ranges  0x00000638      0x138 ..\obj\stm32f4xx_adc.o
 .debug_ranges  0x00000770       0x38 ..\obj\stm32_ub_systick.o
 .debug_ranges  0x000007a8       0x90 ..\obj\printf.o
 .debug_ranges  0x00000838       0x48 ..\obj\stm32_ub_button.o
 .debug_ranges  0x00000880       0x78 ..\obj\stm32_ub_uart.o
 .debug_ranges  0x000008f8       0x18 ..\obj\arm_cmplx_mag_f32.o
 .debug_ranges  0x00000910       0x68 ..\obj\stm32_ub_graphic2d.o
 .debug_ranges  0x00000978       0xe0 ..\obj\menu.o
 .debug_ranges  0x00000a58       0xd8 ..\obj\stm32_ub_lcd_ili9341.o
 .debug_ranges  0x00000b30       0x78 ..\obj\stm32f4xx_gpio.o
 .debug_ranges  0x00000ba8       0x28 ..\obj\stm32_ub_font.o
 .debug_ranges  0x00000bd0       0x20 ..\obj\system_stm32f4xx.o
 .debug_ranges  0x00000bf0       0x18 ..\obj\stm32_ub_spi5.o
 .debug_ranges  0x00000c08       0xa0 ..\obj\stm32f4xx_dma.o
 .debug_ranges  0x00000ca8       0x80 ..\obj\adc.o
 .debug_ranges  0x00000d28       0xe0 ..\obj\stm32f4xx_fmc.o
 .debug_ranges  0x00000e08       0xd0 ..\obj\stm32f4xx_spi.o
 .debug_ranges  0x00000ed8      0x120 ..\obj\stm32f4xx_i2c.o
 .debug_ranges  0x00000ff8       0x30 ..\obj\misc.o
 .debug_ranges  0x00001028       0x58 ..\obj\stm32_ub_touch_stmpe811.o
 .debug_ranges  0x00001080       0x10 ..\obj\arm_cfft_radix4_init_f32.o
 .debug_ranges  0x00001090      0x2e8 ..\obj\stm32f4xx_tim.o

.debug_line     0x00000000     0xa4fe
 .debug_line    0x00000000      0x9f1 ..\obj\oszi.o
 .debug_line    0x000009f1      0x439 ..\obj\stm32_ub_sdram.o
 .debug_line    0x00000e2a      0x5f2 ..\obj\arm_cfft_radix4_f32.o
 .debug_line    0x0000141c      0x433 ..\obj\stm32f4xx_dma2d.o
 .debug_line    0x0000184f      0x143 ..\obj\arm_common_tables.o
 .debug_line    0x00001992      0x1c5 ..\obj\arm_rfft_f32.o
 .debug_line    0x00001b57      0x582 ..\obj\stm32_ub_i2c3.o
 .debug_line    0x000020d9      0x507 ..\obj\stm32f4xx_usart.o
 .debug_line    0x000025e0      0x234 ..\obj\fft.o
 .debug_line    0x00002814      0x561 ..\obj\stm32f4xx_ltdc.o
 .debug_line    0x00002d75       0xb9 ..\obj\startup_stm32f4xx.o
 .debug_line    0x00002e2e      0x2c6 ..\obj\stm32_ub_led.o
 .debug_line    0x000030f4      0x2fe ..\obj\main.o
 .debug_line    0x000033f2      0x6a0 ..\obj\stm32f4xx_rcc.o
 .debug_line    0x00003a92      0x169 ..\obj\arm_rfft_init_f32.o
 .debug_line    0x00003bfb      0x5b1 ..\obj\stm32f4xx_adc.o
 .debug_line    0x000041ac      0x317 ..\obj\stm32_ub_systick.o
 .debug_line    0x000044c3      0x39d ..\obj\printf.o
 .debug_line    0x00004860      0x368 ..\obj\stm32_ub_button.o
 .debug_line    0x00004bc8      0x1ee ..\obj\ub_font_arial_7x10.o
 .debug_line    0x00004db6      0x3fc ..\obj\stm32_ub_uart.o
 .debug_line    0x000051b2      0x19a ..\obj\arm_cmplx_mag_f32.o
 .debug_line    0x0000534c      0x5da ..\obj\stm32_ub_graphic2d.o
 .debug_line    0x00005926      0x993 ..\obj\menu.o
 .debug_line    0x000062b9      0x5c5 ..\obj\stm32_ub_lcd_ili9341.o
 .debug_line    0x0000687e      0x203 ..\obj\GUI1.o
 .debug_line    0x00006a81      0x3a4 ..\obj\stm32f4xx_gpio.o
 .debug_line    0x00006e25      0x2c7 ..\obj\stm32_ub_font.o
 .debug_line    0x000070ec      0x22f ..\obj\system_stm32f4xx.o
 .debug_line    0x0000731b      0x2f0 ..\obj\stm32_ub_spi5.o
 .debug_line    0x0000760b      0x203 ..\obj\GUI2.o
 .debug_line    0x0000780e      0x43b ..\obj\stm32f4xx_dma.o
 .debug_line    0x00007c49      0x657 ..\obj\adc.o
 .debug_line    0x000082a0      0x5ce ..\obj\stm32f4xx_fmc.o
 .debug_line    0x0000886e      0x4ba ..\obj\stm32f4xx_spi.o
 .debug_line    0x00008d28      0x564 ..\obj\stm32f4xx_i2c.o
 .debug_line    0x0000928c      0x2a4 ..\obj\misc.o
 .debug_line    0x00009530      0x37c ..\obj\stm32_ub_touch_stmpe811.o
 .debug_line    0x000098ac      0x18e ..\obj\arm_cfft_radix4_init_f32.o
 .debug_line    0x00009a3a      0xac4 ..\obj\stm32f4xx_tim.o

.debug_str      0x00000000     0x7788
 .debug_str     0x00000000      0x9a3 ..\obj\oszi.o
                                0xa78 (size before relaxing)
 .debug_str     0x000009a3      0x56b ..\obj\stm32_ub_sdram.o
                                0x723 (size before relaxing)
 .debug_str     0x00000f0e      0x168 ..\obj\arm_cfft_radix4_f32.o
                                0x2ff (size before relaxing)
 .debug_str     0x00001076      0x5cc ..\obj\stm32f4xx_dma2d.o
                                0x772 (size before relaxing)
 .debug_str     0x00001642       0x98 ..\obj\arm_common_tables.o
                                0x21c (size before relaxing)
 .debug_str     0x000016da      0x163 ..\obj\arm_rfft_f32.o
                                0x37e (size before relaxing)
 .debug_str     0x0000183d      0x1a0 ..\obj\stm32_ub_i2c3.o
                                0x57f (size before relaxing)
 .debug_str     0x000019dd      0x4a7 ..\obj\stm32f4xx_usart.o
                                0x6cb (size before relaxing)
 .debug_str     0x00001e84      0x12d ..\obj\fft.o
                                0x402 (size before relaxing)
 .debug_str     0x00001fb1      0x82d ..\obj\stm32f4xx_ltdc.o
                                0xa64 (size before relaxing)
 .debug_str     0x000027de       0xc7 ..\obj\startup_stm32f4xx.o
                                0x183 (size before relaxing)
 .debug_str     0x000028a5       0xf3 ..\obj\stm32_ub_led.o
                                0x426 (size before relaxing)
 .debug_str     0x00002998       0x4b ..\obj\main.o
                                0x6a4 (size before relaxing)
 .debug_str     0x000029e3      0x72d ..\obj\stm32f4xx_rcc.o
                                0x9d9 (size before relaxing)
 .debug_str     0x00003110       0x81 ..\obj\arm_rfft_init_f32.o
                                0x3ad (size before relaxing)
 .debug_str     0x00003191      0x64a ..\obj\stm32f4xx_adc.o
                                0x840 (size before relaxing)
 .debug_str     0x000037db      0x6e2 ..\obj\stm32_ub_systick.o
                                0xaba (size before relaxing)
 .debug_str     0x00003ebd      0x4cc ..\obj\printf.o
                                0x6b6 (size before relaxing)
 .debug_str     0x00004389      0x299 ..\obj\stm32_ub_button.o
                                0xc26 (size before relaxing)
 .debug_str     0x00004622       0x71 ..\obj\ub_font_arial_7x10.o
                                0x202 (size before relaxing)
 .debug_str     0x00004693      0x1ab ..\obj\stm32_ub_uart.o
                                0xc2c (size before relaxing)
 .debug_str     0x0000483e       0x9f ..\obj\arm_cmplx_mag_f32.o
                                0x2ac (size before relaxing)
 .debug_str     0x000048dd      0x2b6 ..\obj\stm32_ub_graphic2d.o
                                0x796 (size before relaxing)
 .debug_str     0x00004b93      0x300 ..\obj\menu.o
                                0x95d (size before relaxing)
 .debug_str     0x00004e93      0x308 ..\obj\stm32_ub_lcd_ili9341.o
                                0xa44 (size before relaxing)
 .debug_str     0x0000519b       0x5f ..\obj\GUI1.o
                                0x295 (size before relaxing)
 .debug_str     0x000051fa      0x189 ..\obj\stm32f4xx_gpio.o
                                0x4df (size before relaxing)
 .debug_str     0x00005383       0xcf ..\obj\stm32_ub_font.o
                                0x320 (size before relaxing)
 .debug_str     0x00005452       0xe2 ..\obj\system_stm32f4xx.o
                                0x400 (size before relaxing)
 .debug_str     0x00005534      0x16d ..\obj\stm32_ub_spi5.o
                                0x5bc (size before relaxing)
 .debug_str     0x000056a1       0x5f ..\obj\GUI2.o
                                0x295 (size before relaxing)
 .debug_str     0x00005700      0x379 ..\obj\stm32f4xx_dma.o
                                0x57e (size before relaxing)
 .debug_str     0x00005a79      0x208 ..\obj\adc.o
                               0x1342 (size before relaxing)
 .debug_str     0x00005c81      0x6f4 ..\obj\stm32f4xx_fmc.o
                                0xaa7 (size before relaxing)
 .debug_str     0x00006375      0x307 ..\obj\stm32f4xx_spi.o
                                0x6d9 (size before relaxing)
 .debug_str     0x0000667c      0x395 ..\obj\stm32f4xx_i2c.o
                                0x6ee (size before relaxing)
 .debug_str     0x00006a11      0x123 ..\obj\misc.o
                                0x40a (size before relaxing)
 .debug_str     0x00006b34      0x139 ..\obj\stm32_ub_touch_stmpe811.o
                                0x379 (size before relaxing)
 .debug_str     0x00006c6d       0x87 ..\obj\arm_cfft_radix4_init_f32.o
                                0x32e (size before relaxing)
 .debug_str     0x00006cf4      0xa94 ..\obj\stm32f4xx_tim.o
                                0xe0c (size before relaxing)

.comment        0x00000000       0x70
 .comment       0x00000000       0x70 ..\obj\oszi.o
                                 0x71 (size before relaxing)
 .comment       0x00000000       0x71 ..\obj\stm32_ub_sdram.o
 .comment       0x00000000       0x71 ..\obj\arm_cfft_radix4_f32.o
 .comment       0x00000000       0x71 ..\obj\stm32f4xx_dma2d.o
 .comment       0x00000000       0x71 ..\obj\arm_common_tables.o
 .comment       0x00000000       0x71 ..\obj\arm_rfft_f32.o
 .comment       0x00000000       0x71 ..\obj\stm32_ub_i2c3.o
 .comment       0x00000000       0x71 ..\obj\stm32f4xx_usart.o
 .comment       0x00000000       0x71 ..\obj\fft.o
 .comment       0x00000000       0x71 ..\obj\stm32f4xx_ltdc.o
 .comment       0x00000000       0x71 ..\obj\startup_stm32f4xx.o
 .comment       0x00000000       0x71 ..\obj\stm32_ub_led.o
 .comment       0x00000000       0x71 ..\obj\main.o
 .comment       0x00000000       0x71 ..\obj\stm32f4xx_rcc.o
 .comment       0x00000000       0x71 ..\obj\arm_rfft_init_f32.o
 .comment       0x00000000       0x71 ..\obj\stm32f4xx_adc.o
 .comment       0x00000000       0x71 ..\obj\stm32_ub_systick.o
 .comment       0x00000000       0x71 ..\obj\printf.o
 .comment       0x00000000       0x71 ..\obj\stm32_ub_button.o
 .comment       0x00000000       0x71 ..\obj\ub_font_arial_7x10.o
 .comment       0x00000000       0x71 ..\obj\stm32_ub_uart.o
 .comment       0x00000000       0x71 ..\obj\arm_cmplx_mag_f32.o
 .comment       0x00000000       0x71 ..\obj\stm32_ub_graphic2d.o
 .comment       0x00000000       0x71 ..\obj\menu.o
 .comment       0x00000000       0x71 ..\obj\stm32_ub_lcd_ili9341.o
 .comment       0x00000000       0x71 ..\obj\GUI1.o
 .comment       0x00000000       0x71 ..\obj\stm32f4xx_gpio.o
 .comment       0x00000000       0x71 ..\obj\stm32_ub_font.o
 .comment       0x00000000       0x71 ..\obj\system_stm32f4xx.o
 .comment       0x00000000       0x71 ..\obj\stm32_ub_spi5.o
 .comment       0x00000000       0x71 ..\obj\GUI2.o
 .comment       0x00000000       0x71 ..\obj\stm32f4xx_dma.o
 .comment       0x00000000       0x71 ..\obj\adc.o
 .comment       0x00000000       0x71 ..\obj\stm32f4xx_fmc.o
 .comment       0x00000000       0x71 ..\obj\stm32f4xx_spi.o
 .comment       0x00000000       0x71 ..\obj\stm32f4xx_i2c.o
 .comment       0x00000000       0x71 ..\obj\misc.o
 .comment       0x00000000       0x71 ..\obj\stm32_ub_touch_stmpe811.o
 .comment       0x00000000       0x71 ..\obj\arm_cfft_radix4_init_f32.o
 .comment       0x00000000       0x71 ..\obj\stm32f4xx_tim.o

.ARM.attributes
                0x00000000       0x37
 .ARM.attributes
                0x00000000       0x37 ..\obj\oszi.o
 .ARM.attributes
                0x00000037       0x37 ..\obj\stm32_ub_sdram.o
 .ARM.attributes
                0x0000006e       0x37 ..\obj\arm_cfft_radix4_f32.o
 .ARM.attributes
                0x000000a5       0x37 ..\obj\stm32f4xx_dma2d.o
 .ARM.attributes
                0x000000dc       0x37 ..\obj\arm_common_tables.o
 .ARM.attributes
                0x00000113       0x37 ..\obj\arm_rfft_f32.o
 .ARM.attributes
                0x0000014a       0x37 ..\obj\stm32_ub_i2c3.o
 .ARM.attributes
                0x00000181       0x37 ..\obj\stm32f4xx_usart.o
 .ARM.attributes
                0x000001b8       0x37 ..\obj\fft.o
 .ARM.attributes
                0x000001ef       0x37 ..\obj\stm32f4xx_ltdc.o
 .ARM.attributes
                0x00000226       0x37 ..\obj\startup_stm32f4xx.o
 .ARM.attributes
                0x0000025d       0x37 ..\obj\stm32_ub_led.o
 .ARM.attributes
                0x00000294       0x37 ..\obj\main.o
 .ARM.attributes
                0x000002cb       0x37 ..\obj\stm32f4xx_rcc.o
 .ARM.attributes
                0x00000302       0x37 ..\obj\arm_rfft_init_f32.o
 .ARM.attributes
                0x00000339       0x37 ..\obj\stm32f4xx_adc.o
 .ARM.attributes
                0x00000370       0x37 ..\obj\stm32_ub_systick.o
 .ARM.attributes
                0x000003a7       0x37 ..\obj\printf.o
 .ARM.attributes
                0x000003de       0x37 ..\obj\stm32_ub_button.o
 .ARM.attributes
                0x00000415       0x37 ..\obj\ub_font_arial_7x10.o
 .ARM.attributes
                0x0000044c       0x37 ..\obj\stm32_ub_uart.o
 .ARM.attributes
                0x00000483       0x37 ..\obj\arm_cmplx_mag_f32.o
 .ARM.attributes
                0x000004ba       0x37 ..\obj\stm32_ub_graphic2d.o
 .ARM.attributes
                0x000004f1       0x37 ..\obj\menu.o
 .ARM.attributes
                0x00000528       0x37 ..\obj\stm32_ub_lcd_ili9341.o
 .ARM.attributes
                0x0000055f       0x37 ..\obj\GUI1.o
 .ARM.attributes
                0x00000596       0x37 ..\obj\stm32f4xx_gpio.o
 .ARM.attributes
                0x000005cd       0x37 ..\obj\stm32_ub_font.o
 .ARM.attributes
                0x00000604       0x37 ..\obj\system_stm32f4xx.o
 .ARM.attributes
                0x0000063b       0x37 ..\obj\stm32_ub_spi5.o
 .ARM.attributes
                0x00000672       0x37 ..\obj\GUI2.o
 .ARM.attributes
                0x000006a9       0x37 ..\obj\stm32f4xx_dma.o
 .ARM.attributes
                0x000006e0       0x37 ..\obj\adc.o
 .ARM.attributes
                0x00000717       0x37 ..\obj\stm32f4xx_fmc.o
 .ARM.attributes
                0x0000074e       0x37 ..\obj\stm32f4xx_spi.o
 .ARM.attributes
                0x00000785       0x37 ..\obj\stm32f4xx_i2c.o
 .ARM.attributes
                0x000007bc       0x37 ..\obj\misc.o
 .ARM.attributes
                0x000007f3       0x37 ..\obj\stm32_ub_touch_stmpe811.o
 .ARM.attributes
                0x0000082a       0x37 ..\obj\arm_cfft_radix4_init_f32.o
 .ARM.attributes
                0x00000861       0x37 ..\obj\stm32f4xx_tim.o
 .ARM.attributes
                0x00000898       0x32 c:/program files/gnu tools arm embedded/4.8 2014q1/bin/../lib/gcc/arm-none-eabi/4.8.3/../../../../arm-none-eabi/lib/armv7e-m/softfp\libm.a(lib_a-wf_sqrt.o)
 .ARM.attributes
                0x000008ca       0x32 c:/program files/gnu tools arm embedded/4.8 2014q1/bin/../lib/gcc/arm-none-eabi/4.8.3/../../../../arm-none-eabi/lib/armv7e-m/softfp\libm.a(lib_a-ef_sqrt.o)
 .ARM.attributes
                0x000008fc       0x32 c:/program files/gnu tools arm embedded/4.8 2014q1/bin/../lib/gcc/arm-none-eabi/4.8.3/../../../../arm-none-eabi/lib/armv7e-m/softfp\libm.a(lib_a-s_lib_ver.o)
 .ARM.attributes
                0x0000092e       0x32 c:/program files/gnu tools arm embedded/4.8 2014q1/bin/../lib/gcc/arm-none-eabi/4.8.3/../../../../arm-none-eabi/lib/armv7e-m/softfp\libm.a(lib_a-s_matherr.o)
 .ARM.attributes
                0x00000960       0x32 c:/program files/gnu tools arm embedded/4.8 2014q1/bin/../lib/gcc/arm-none-eabi/4.8.3/../../../../arm-none-eabi/lib/armv7e-m/softfp\libm.a(lib_a-sf_fpclassify.o)
 .ARM.attributes
                0x00000992       0x22 c:/program files/gnu tools arm embedded/4.8 2014q1/bin/../lib/gcc/arm-none-eabi/4.8.3/armv7e-m/softfp\libgcc.a(_arm_addsubdf3.o)
 .ARM.attributes
                0x000009b4       0x22 c:/program files/gnu tools arm embedded/4.8 2014q1/bin/../lib/gcc/arm-none-eabi/4.8.3/armv7e-m/softfp\libgcc.a(_arm_muldivdf3.o)
 .ARM.attributes
                0x000009d6       0x22 c:/program files/gnu tools arm embedded/4.8 2014q1/bin/../lib/gcc/arm-none-eabi/4.8.3/armv7e-m/softfp\libgcc.a(_arm_fixdfsi.o)
 .ARM.attributes
                0x000009f8       0x22 c:/program files/gnu tools arm embedded/4.8 2014q1/bin/../lib/gcc/arm-none-eabi/4.8.3/armv7e-m/softfp\libgcc.a(_arm_fixunsdfsi.o)
 .ARM.attributes
                0x00000a1a       0x22 c:/program files/gnu tools arm embedded/4.8 2014q1/bin/../lib/gcc/arm-none-eabi/4.8.3/armv7e-m/softfp\libgcc.a(_arm_truncdfsf2.o)
 .ARM.attributes
                0x00000a3c       0x32 c:/program files/gnu tools arm embedded/4.8 2014q1/bin/../lib/gcc/arm-none-eabi/4.8.3/../../../../arm-none-eabi/lib/armv7e-m/softfp\libc.a(lib_a-errno.o)

.debug_frame    0x00000000     0x454c
 .debug_frame   0x00000000      0x1fc ..\obj\oszi.o
 .debug_frame   0x000001fc      0x194 ..\obj\stm32_ub_sdram.o
 .debug_frame   0x00000390       0x84 ..\obj\arm_cfft_radix4_f32.o
 .debug_frame   0x00000414      0x21c ..\obj\stm32f4xx_dma2d.o
 .debug_frame   0x00000630       0x68 ..\obj\arm_rfft_f32.o
 .debug_frame   0x00000698      0x10c ..\obj\stm32_ub_i2c3.o
 .debug_frame   0x000007a4      0x344 ..\obj\stm32f4xx_usart.o
 .debug_frame   0x00000ae8       0x50 ..\obj\fft.o
 .debug_frame   0x00000b38      0x358 ..\obj\stm32f4xx_ltdc.o
 .debug_frame   0x00000e90       0x48 ..\obj\startup_stm32f4xx.o
 .debug_frame   0x00000ed8       0xa8 ..\obj\stm32_ub_led.o
 .debug_frame   0x00000f80       0x2c ..\obj\main.o
 .debug_frame   0x00000fac      0x5b8 ..\obj\stm32f4xx_rcc.o
 .debug_frame   0x00001564       0x30 ..\obj\arm_rfft_init_f32.o
 .debug_frame   0x00001594      0x434 ..\obj\stm32f4xx_adc.o
 .debug_frame   0x000019c8       0xc0 ..\obj\stm32_ub_systick.o
 .debug_frame   0x00001a88      0x244 ..\obj\printf.o
 .debug_frame   0x00001ccc      0x104 ..\obj\stm32_ub_button.o
 .debug_frame   0x00001dd0      0x1cc ..\obj\stm32_ub_uart.o
 .debug_frame   0x00001f9c       0x50 ..\obj\arm_cmplx_mag_f32.o
 .debug_frame   0x00001fec      0x190 ..\obj\stm32_ub_graphic2d.o
 .debug_frame   0x0000217c      0x340 ..\obj\menu.o
 .debug_frame   0x000024bc      0x2f4 ..\obj\stm32_ub_lcd_ili9341.o
 .debug_frame   0x000027b0      0x19c ..\obj\stm32f4xx_gpio.o
 .debug_frame   0x0000294c       0x90 ..\obj\stm32_ub_font.o
 .debug_frame   0x000029dc       0x64 ..\obj\system_stm32f4xx.o
 .debug_frame   0x00002a40       0x50 ..\obj\stm32_ub_spi5.o
 .debug_frame   0x00002a90      0x224 ..\obj\stm32f4xx_dma.o
 .debug_frame   0x00002cb4      0x1d0 ..\obj\adc.o
 .debug_frame   0x00002e84      0x300 ..\obj\stm32f4xx_fmc.o
 .debug_frame   0x00003184      0x2d0 ..\obj\stm32f4xx_spi.o
 .debug_frame   0x00003454      0x3ec ..\obj\stm32f4xx_i2c.o
 .debug_frame   0x00003840       0x9c ..\obj\misc.o
 .debug_frame   0x000038dc      0x148 ..\obj\stm32_ub_touch_stmpe811.o
 .debug_frame   0x00003a24       0x2c ..\obj\arm_cfft_radix4_init_f32.o
 .debug_frame   0x00003a50      0xa3c ..\obj\stm32f4xx_tim.o
 .debug_frame   0x0000448c       0x34 c:/program files/gnu tools arm embedded/4.8 2014q1/bin/../lib/gcc/arm-none-eabi/4.8.3/../../../../arm-none-eabi/lib/armv7e-m/softfp\libm.a(lib_a-wf_sqrt.o)
 .debug_frame   0x000044c0       0x2c c:/program files/gnu tools arm embedded/4.8 2014q1/bin/../lib/gcc/arm-none-eabi/4.8.3/../../../../arm-none-eabi/lib/armv7e-m/softfp\libm.a(lib_a-ef_sqrt.o)
 .debug_frame   0x000044ec       0x20 c:/program files/gnu tools arm embedded/4.8 2014q1/bin/../lib/gcc/arm-none-eabi/4.8.3/../../../../arm-none-eabi/lib/armv7e-m/softfp\libm.a(lib_a-s_matherr.o)
 .debug_frame   0x0000450c       0x20 c:/program files/gnu tools arm embedded/4.8 2014q1/bin/../lib/gcc/arm-none-eabi/4.8.3/../../../../arm-none-eabi/lib/armv7e-m/softfp\libm.a(lib_a-sf_fpclassify.o)
 .debug_frame   0x0000452c       0x20 c:/program files/gnu tools arm embedded/4.8 2014q1/bin/../lib/gcc/arm-none-eabi/4.8.3/../../../../arm-none-eabi/lib/armv7e-m/softfp\libc.a(lib_a-errno.o)
